../Drivers/CMSIS/Include/core_cm3.h:1762:34:void __NVIC_SystemReset()	4	static,ignoring_inline_asm
../Core/Src/dataProcessing.cpp:51:6:void hex2char(char&)	16	static
../Core/Src/dataProcessing.cpp:58:6:void hex2letter(char&)	16	static
../Core/Src/dataProcessing.cpp:66:6:void adr_int2string(const uint8_t*, char*)	32	static
../Core/Src/dataProcessing.cpp:100:6:void mac_int2string(const uint8_t*, char*)	24	static
../Core/Src/dataProcessing.cpp:125:6:void byte_int2string(const uint8_t&, char*)	24	static
../Core/Src/dataProcessing.cpp:151:6:void macOctet2string(const uint8_t&, char*)	16	static
../Core/Src/dataProcessing.cpp:161:6:void concatenate3strings(char*, const char*, const char*)	32	static
../Core/Src/dataProcessing.cpp:186:6:void concatenate7strings(char*, char**)	32	static
../Core/Src/dataProcessing.cpp:205:9:uint8_t letter2int(const char&)	16	static
../Core/Src/dataProcessing.cpp:222:6:void fillText()	8	static
../Core/Src/dataProcessing.cpp:258:6:void fillFinalText()	8	static
../Core/Src/dataProcessing.cpp:267:6:void saveSettings()	8	static
