../Core/Inc/ringBuffer.h:16:2:RingBuffer::RingBuffer()	16	static
../Core/Inc/ringBuffer.h:25:7:bool RingBuffer::put(const uint8_t&)	16	static
../Core/Src/main.cpp:77:5:int main()	56	static
../Core/Src/main.cpp:142:6:void SystemClock_Config()	72	static
../Core/Src/main.cpp:182:13:void MX_SPI1_Init()	8	static
../Core/Src/main.cpp:220:13:void MX_TIM4_Init()	32	static
../Core/Src/main.cpp:265:13:void MX_USART1_UART_Init()	8	static
../Core/Src/main.cpp:298:13:void MX_GPIO_Init()	40	static
../Core/Src/main.cpp:352:6:void HAL_UART_RxCpltCallback(UART_HandleTypeDef*)	16	static
../Core/Src/main.cpp:363:6:void HAL_UART_TxCpltCallback(UART_HandleTypeDef*)	16	static
../Core/Src/main.cpp:371:6:void HAL_TIM_PeriodElapsedCallback(TIM_HandleTypeDef*)	16	static
../Core/Src/main.cpp:384:6:void Error_Handler()	4	static,ignoring_inline_asm
../Core/Src/main.cpp:393:1:void __static_initialization_and_destruction_0(int, int)	16	static
../Core/Src/main.cpp:393:1:cpp)	8	static
