../Core/Inc/ringBuffer.h:16:2:RingBuffer::RingBuffer()	16	static
../Core/Src/main.cpp:83:5:int main()	56	static
../Core/Src/main.cpp:169:6:void SystemClock_Config()	72	static
../Core/Src/main.cpp:209:13:void MX_SPI1_Init()	8	static
../Core/Src/main.cpp:247:13:void MX_TIM3_Init()	32	static
../Core/Src/main.cpp:292:13:void MX_TIM4_Init()	32	static
../Core/Src/main.cpp:337:13:void MX_USART1_UART_Init()	8	static
../Core/Src/main.cpp:370:13:void MX_GPIO_Init()	40	static
../Core/Src/main.cpp:424:6:void HAL_UART_RxCpltCallback(UART_HandleTypeDef*)	16	static
../Core/Src/main.cpp:440:6:void HAL_UART_TxCpltCallback(UART_HandleTypeDef*)	16	static
../Core/Src/main.cpp:448:6:void HAL_TIM_PeriodElapsedCallback(TIM_HandleTypeDef*)	16	static
../Core/Src/main.cpp:465:6:void WriteConfig()	56	static
../Core/Src/main.cpp:523:6:void Error_Handler()	4	static,ignoring_inline_asm
../Core/Src/main.cpp:532:1:void __static_initialization_and_destruction_0(int, int)	16	static
../Core/Src/main.cpp:532:1:cpp)	8	static
