../Core/Src/main.cpp:188:5:int main()	208	static
../Core/Src/main.cpp:320:6:void SystemClock_Config()	72	static
../Core/Src/main.cpp:360:13:void MX_SPI1_Init()	8	static
../Core/Src/main.cpp:398:13:void MX_TIM3_Init()	32	static
../Core/Src/main.cpp:443:13:void MX_TIM4_Init()	32	static
../Core/Src/main.cpp:488:13:void MX_USART1_UART_Init()	8	static
../Core/Src/main.cpp:521:13:void MX_GPIO_Init()	40	static
../Core/Src/main.cpp:578:6:void HAL_UART_RxCpltCallback(UART_HandleTypeDef*)	16	static
../Core/Src/main.cpp:594:6:void HAL_UART_TxCpltCallback(UART_HandleTypeDef*)	16	static
../Core/Src/main.cpp:602:6:void HAL_TIM_PeriodElapsedCallback(TIM_HandleTypeDef*)	24	static
../Core/Src/main.cpp:641:6:void Error_Handler()	4	static,ignoring_inline_asm
