../Core/Inc/ringBuffer.h:16:2:RingBuffer::RingBuffer()	16	static
../Core/Src/main.cpp:97:5:int main()	56	static
../Core/Src/main.cpp:195:6:void SystemClock_Config()	72	static
../Core/Src/main.cpp:235:13:void MX_SPI1_Init()	8	static
../Core/Src/main.cpp:273:13:void MX_TIM3_Init()	32	static
../Core/Src/main.cpp:318:13:void MX_TIM4_Init()	32	static
../Core/Src/main.cpp:363:13:void MX_USART1_UART_Init()	8	static
../Core/Src/main.cpp:396:13:void MX_GPIO_Init()	40	static
../Core/Src/main.cpp:450:6:void HAL_UART_RxCpltCallback(UART_HandleTypeDef*)	16	static
../Core/Src/main.cpp:466:6:void HAL_UART_TxCpltCallback(UART_HandleTypeDef*)	16	static
../Core/Src/main.cpp:474:6:void HAL_TIM_PeriodElapsedCallback(TIM_HandleTypeDef*)	16	static
../Core/Src/main.cpp:506:6:void Error_Handler()	4	static,ignoring_inline_asm
../Core/Src/main.cpp:515:1:void __static_initialization_and_destruction_0(int, int)	16	static
../Core/Src/main.cpp:515:1:cpp)	8	static
