../Core/Src/main.cpp:188:5:int main()	208	static
../Core/Src/main.cpp:305:6:void SystemClock_Config()	72	static
../Core/Src/main.cpp:345:13:void MX_SPI1_Init()	8	static
../Core/Src/main.cpp:383:13:void MX_TIM3_Init()	32	static
../Core/Src/main.cpp:428:13:void MX_TIM4_Init()	32	static
../Core/Src/main.cpp:473:13:void MX_USART1_UART_Init()	8	static
../Core/Src/main.cpp:506:13:void MX_GPIO_Init()	40	static
../Core/Src/main.cpp:563:6:void HAL_UART_RxCpltCallback(UART_HandleTypeDef*)	16	static
../Core/Src/main.cpp:579:6:void HAL_UART_TxCpltCallback(UART_HandleTypeDef*)	16	static
../Core/Src/main.cpp:587:6:void HAL_TIM_PeriodElapsedCallback(TIM_HandleTypeDef*)	24	static
../Core/Src/main.cpp:626:6:void Error_Handler()	4	static,ignoring_inline_asm
