../Drivers/CMSIS/Include/core_cm3.h:1762:34:void __NVIC_SystemReset()	4	static,ignoring_inline_asm
../Core/Src/main.cpp:664:5:int main()	32	static
../Core/Src/main.cpp:1042:6:void SystemClock_Config()	72	static
../Core/Src/main.cpp:1082:13:void MX_SPI1_Init()	8	static
../Core/Src/main.cpp:1120:13:void MX_TIM2_Init()	32	static
../Core/Src/main.cpp:1165:13:void MX_TIM3_Init()	32	static
../Core/Src/main.cpp:1210:13:void MX_TIM4_Init()	32	static
../Core/Src/main.cpp:1255:13:void MX_USART1_UART_Init()	8	static
../Core/Src/main.cpp:1288:13:void MX_GPIO_Init()	40	static
../Core/Src/main.cpp:1351:6:void HAL_UART_RxCpltCallback(UART_HandleTypeDef*)	16	static
../Core/Src/main.cpp:1385:6:void HAL_UART_TxCpltCallback(UART_HandleTypeDef*)	16	static
../Core/Src/main.cpp:1396:6:void HAL_TIM_PeriodElapsedCallback(TIM_HandleTypeDef*)	24	static
../Core/Src/main.cpp:1458:6:void HAL_GPIO_EXTI_Callback(uint16_t)	24	static
../Core/Src/main.cpp:1606:6:void Error_Handler()	4	static,ignoring_inline_asm
../Core/Src/main.cpp:1615:1:void __static_initialization_and_destruction_0(int, int)	24	static
../Core/Src/main.cpp:1615:1:cpp)	8	static
../Core/Src/main.cpp:1615:1:cpp)	8	static
