../Core/Src/main.cpp:254:5:int main()	16	static
../Core/Src/main.cpp:438:6:void SystemClock_Config()	72	static
../Core/Src/main.cpp:478:13:void MX_SPI1_Init()	8	static
../Core/Src/main.cpp:516:13:void MX_TIM3_Init()	32	static
../Core/Src/main.cpp:561:13:void MX_TIM4_Init()	32	static
../Core/Src/main.cpp:606:13:void MX_USART1_UART_Init()	8	static
../Core/Src/main.cpp:639:13:void MX_GPIO_Init()	40	static
../Core/Src/main.cpp:696:6:void HAL_UART_RxCpltCallback(UART_HandleTypeDef*)	16	static
../Core/Src/main.cpp:712:6:void HAL_UART_TxCpltCallback(UART_HandleTypeDef*)	16	static
../Core/Src/main.cpp:720:6:void HAL_TIM_PeriodElapsedCallback(TIM_HandleTypeDef*)	24	static
../Core/Src/main.cpp:744:6:void HAL_GPIO_EXTI_Callback(uint16_t)	24	static
../Core/Src/main.cpp:775:6:void Error_Handler()	4	static,ignoring_inline_asm
../Core/Src/main.cpp:784:1:void __static_initialization_and_destruction_0(int, int)	24	static
../Core/Src/main.cpp:784:1:cpp)	8	static
../Core/Src/main.cpp:784:1:cpp)	8	static
