../Core/Inc/ringBuffer.h:16:2:RingBuffer::RingBuffer()	16	static
../Core/Src/main.cpp:204:5:int main()	56	static
../Core/Src/main.cpp:292:6:void SystemClock_Config()	72	static
../Core/Src/main.cpp:332:13:void MX_SPI1_Init()	8	static
../Core/Src/main.cpp:370:13:void MX_TIM3_Init()	32	static
../Core/Src/main.cpp:415:13:void MX_TIM4_Init()	32	static
../Core/Src/main.cpp:460:13:void MX_USART1_UART_Init()	8	static
../Core/Src/main.cpp:493:13:void MX_GPIO_Init()	40	static
../Core/Src/main.cpp:547:6:void HAL_UART_RxCpltCallback(UART_HandleTypeDef*)	16	static
../Core/Src/main.cpp:563:6:void HAL_UART_TxCpltCallback(UART_HandleTypeDef*)	16	static
../Core/Src/main.cpp:571:6:void HAL_TIM_PeriodElapsedCallback(TIM_HandleTypeDef*)	16	static
../Core/Src/main.cpp:602:6:void writeFLASH()	32	static
../Core/Src/main.cpp:652:6:void writeBlockFLASH(uint32_t, uint64_t*, unsigned int)	32	static
../Core/Src/main.cpp:667:6:void readFLASH()	8	static
../Core/Src/main.cpp:679:6:void readBlockFlash(uint32_t, uint32_t*, unsigned int)	32	static
../Core/Src/main.cpp:701:6:void Error_Handler()	4	static,ignoring_inline_asm
../Core/Src/main.cpp:710:1:void __static_initialization_and_destruction_0(int, int)	16	static
../Core/Src/main.cpp:710:1:cpp)	8	static
