../Core/Inc/ringBuffer.h:16:2:RingBuffer::RingBuffer()	16	static
../Core/Src/main.cpp:81:5:int main()	56	static
../Core/Src/main.cpp:153:6:void SystemClock_Config()	72	static
../Core/Src/main.cpp:193:13:void MX_SPI1_Init()	8	static
../Core/Src/main.cpp:231:13:void MX_TIM3_Init()	32	static
../Core/Src/main.cpp:276:13:void MX_TIM4_Init()	32	static
../Core/Src/main.cpp:321:13:void MX_USART1_UART_Init()	8	static
../Core/Src/main.cpp:354:13:void MX_GPIO_Init()	40	static
../Core/Src/main.cpp:408:6:void HAL_UART_RxCpltCallback(UART_HandleTypeDef*)	16	static
../Core/Src/main.cpp:424:6:void HAL_UART_TxCpltCallback(UART_HandleTypeDef*)	16	static
../Core/Src/main.cpp:432:6:void HAL_TIM_PeriodElapsedCallback(TIM_HandleTypeDef*)	16	static
../Core/Src/main.cpp:454:6:void Error_Handler()	4	static,ignoring_inline_asm
../Core/Src/main.cpp:463:1:void __static_initialization_and_destruction_0(int, int)	16	static
../Core/Src/main.cpp:463:1:cpp)	8	static
