../Core/Src/main.cpp:192:5:int main()	56	static
../Core/Src/main.cpp:327:6:void SystemClock_Config()	72	static
../Core/Src/main.cpp:367:13:void MX_SPI1_Init()	8	static
../Core/Src/main.cpp:405:13:void MX_TIM3_Init()	32	static
../Core/Src/main.cpp:450:13:void MX_TIM4_Init()	32	static
../Core/Src/main.cpp:495:13:void MX_USART1_UART_Init()	8	static
../Core/Src/main.cpp:528:13:void MX_GPIO_Init()	40	static
../Core/Src/main.cpp:585:6:void HAL_UART_RxCpltCallback(UART_HandleTypeDef*)	16	static
../Core/Src/main.cpp:601:6:void HAL_UART_TxCpltCallback(UART_HandleTypeDef*)	16	static
../Core/Src/main.cpp:609:6:void HAL_TIM_PeriodElapsedCallback(TIM_HandleTypeDef*)	24	static
../Core/Src/main.cpp:633:6:void HAL_GPIO_EXTI_Callback(uint16_t)	16	static
../Core/Src/main.cpp:659:6:void Error_Handler()	4	static,ignoring_inline_asm
../Core/Src/main.cpp:668:1:void __static_initialization_and_destruction_0(int, int)	24	static
../Core/Src/main.cpp:668:1:cpp)	8	static
../Core/Src/main.cpp:668:1:cpp)	8	static
