../Core/Src/main.cpp:660:5:int main()	24	static
../Core/Src/main.cpp:1016:6:void SystemClock_Config()	72	static
../Core/Src/main.cpp:1056:13:void MX_SPI1_Init()	8	static
../Core/Src/main.cpp:1094:13:void MX_TIM2_Init()	32	static
../Core/Src/main.cpp:1139:13:void MX_TIM3_Init()	32	static
../Core/Src/main.cpp:1184:13:void MX_TIM4_Init()	32	static
../Core/Src/main.cpp:1229:13:void MX_USART1_UART_Init()	8	static
../Core/Src/main.cpp:1262:13:void MX_GPIO_Init()	40	static
../Core/Src/main.cpp:1325:6:void HAL_UART_RxCpltCallback(UART_HandleTypeDef*)	16	static
../Core/Src/main.cpp:1359:6:void HAL_UART_TxCpltCallback(UART_HandleTypeDef*)	16	static
../Core/Src/main.cpp:1370:6:void HAL_TIM_PeriodElapsedCallback(TIM_HandleTypeDef*)	24	static
../Core/Src/main.cpp:1402:6:void HAL_GPIO_EXTI_Callback(uint16_t)	24	static
../Core/Src/main.cpp:1546:6:void Error_Handler()	4	static,ignoring_inline_asm
../Core/Src/main.cpp:1555:1:void __static_initialization_and_destruction_0(int, int)	24	static
../Core/Src/main.cpp:1555:1:cpp)	8	static
../Core/Src/main.cpp:1555:1:cpp)	8	static
