../Core/Src/W5500.cpp:4:1:W5500::W5500(SPI_HandleTypeDef*, GPIO_TypeDef*, uint16_t, GPIO_TypeDef*, uint16_t)	24	static
../Core/Src/W5500.cpp:19:1:W5500::~W5500()	16	static
../Core/Src/W5500.cpp:24:6:void W5500::reset()	16	static
../Core/Src/W5500.cpp:34:6:void W5500::softwareReset()	24	static
../Core/Src/W5500.cpp:55:6:void W5500::softwareResetPHY()	24	static
../Core/Src/W5500.cpp:76:6:void W5500::switchOn()	16	static
../Core/Src/W5500.cpp:83:6:void W5500::shutDown()	16	static
../Core/Src/W5500.cpp:89:9:uint8_t W5500::readVersion()	24	static
../Core/Src/W5500.cpp:100:6:void W5500::readSHA(uint8_t*)	24	static
../Core/Src/W5500.cpp:117:6:void W5500::writeSHA()	24	static
../Core/Src/W5500.cpp:134:6:void W5500::readCRB(uint8_t*)	32	static
../Core/Src/W5500.cpp:149:6:void W5500::writeCRB(uint8_t*)	32	static
../Core/Src/W5500.cpp:164:6:void W5500::initSocket0()	24	static
../Core/Src/W5500.cpp:189:6:void W5500::setUDPmodeSocket0()	24	static
../Core/Src/W5500.cpp:201:6:void W5500::openSocket0()	24	static
../Core/Src/W5500.cpp:213:9:uint8_t W5500::getStatusSocket0()	24	static
../Core/Src/W5500.cpp:225:9:uint8_t W5500::readRXbufferSocket0()	24	static
../Core/Src/W5500.cpp:237:9:uint8_t W5500::readSIR()	24	static
../Core/Src/W5500.cpp:248:6:void W5500::clearSIR()	24	static
../Core/Src/W5500.cpp:260:9:uint8_t W5500::readSn_IR()	24	static
