../Core/Src/W5500.cpp:4:1:W5500::W5500(SPI_HandleTypeDef*, GPIO_TypeDef*, uint16_t, GPIO_TypeDef*, uint16_t)	24	static
../Core/Src/W5500.cpp:19:1:W5500::~W5500()	16	static
../Core/Src/W5500.cpp:24:6:void W5500::reset()	16	static
../Core/Src/W5500.cpp:34:6:void W5500::softwareReset()	24	static
../Core/Src/W5500.cpp:55:6:void W5500::softwareResetPHY()	24	static
../Core/Src/W5500.cpp:76:6:void W5500::switchOn()	16	static
../Core/Src/W5500.cpp:83:6:void W5500::shutDown()	16	static
../Core/Src/W5500.cpp:92:9:uint8_t W5500::readByteFromCRB(uint8_t)	24	static
../Core/Src/W5500.cpp:104:10:uint16_t W5500::readWordFromCRB(uint8_t)	32	static
../Core/Src/W5500.cpp:119:6:void W5500::readArrayFromCRB(uint8_t*, uint8_t, uint8_t)	48	static
../Core/Src/W5500.cpp:135:6:void W5500::writeByteToCRB(uint8_t, uint8_t)	16	static
../Core/Src/W5500.cpp:148:6:void W5500::writeWordToCRB(uint16_t, uint8_t)	24	static
../Core/Src/W5500.cpp:164:6:void W5500::writeArrayToCRB(uint8_t*, uint8_t, uint8_t)	32	static
../Core/Src/W5500.cpp:180:9:uint8_t W5500::readByteFromSRB(uint8_t, uint8_t)	24	static
../Core/Src/W5500.cpp:192:10:uint16_t W5500::readWordFromSRB(uint8_t, uint8_t)	32	static
../Core/Src/W5500.cpp:207:6:void W5500::readArrayFromSRB(uint8_t, uint8_t*, uint8_t, uint8_t)	48	static
../Core/Src/W5500.cpp:223:6:void W5500::writeByteToSRB(uint8_t, uint8_t, uint8_t)	16	static
../Core/Src/W5500.cpp:236:6:void W5500::writeWordToSRB(uint8_t, uint16_t, uint8_t)	24	static
../Core/Src/W5500.cpp:252:6:void W5500::writeArrayToSRB(uint8_t, uint8_t*, uint8_t, uint8_t)	32	static
../Core/Src/W5500.cpp:279:9:uint8_t W5500::getStatusSocket0()	24	static
../Core/Src/W5500.cpp:291:9:uint8_t W5500::readRXbufferSocket0()	24	static
../Core/Src/W5500.cpp:304:9:uint8_t W5500::readIR()	24	static
../Core/Src/W5500.cpp:316:6:void W5500::clearIR()	24	static
../Core/Src/W5500.cpp:330:9:uint8_t W5500::readSIR()	24	static
../Core/Src/W5500.cpp:342:6:void W5500::clearSIR()	24	static
../Core/Src/W5500.cpp:355:9:uint8_t W5500::readSn_IR()	24	static
../Core/Src/W5500.cpp:366:6:void W5500::clearSn_IR()	24	static
../Core/Src/W5500.cpp:378:6:void W5500::readSocketTXRX(uint8_t*)	32	static
