Archive member included to satisfy reference by file (symbol)

c:/st/stm32cubeide_1.12.1/stm32cubeide/plugins/com.st.stm32cube.ide.mcu.externaltools.gnu-tools-for-stm32.10.3-2021.10.win32_1.0.200.202301161003/tools/bin/../lib/gcc/arm-none-eabi/10.3.1/../../../../arm-none-eabi/lib/thumb/v7-m/nofp\libc_nano.a(lib_a-atoi.o)
                              ./Core/Src/main.o (atoi)
c:/st/stm32cubeide_1.12.1/stm32cubeide/plugins/com.st.stm32cube.ide.mcu.externaltools.gnu-tools-for-stm32.10.3-2021.10.win32_1.0.200.202301161003/tools/bin/../lib/gcc/arm-none-eabi/10.3.1/../../../../arm-none-eabi/lib/thumb/v7-m/nofp\libc_nano.a(lib_a-errno.o)
                              ./Core/Src/syscalls.o (__errno)
c:/st/stm32cubeide_1.12.1/stm32cubeide/plugins/com.st.stm32cube.ide.mcu.externaltools.gnu-tools-for-stm32.10.3-2021.10.win32_1.0.200.202301161003/tools/bin/../lib/gcc/arm-none-eabi/10.3.1/../../../../arm-none-eabi/lib/thumb/v7-m/nofp\libc_nano.a(lib_a-exit.o)
                              c:/st/stm32cubeide_1.12.1/stm32cubeide/plugins/com.st.stm32cube.ide.mcu.externaltools.gnu-tools-for-stm32.10.3-2021.10.win32_1.0.200.202301161003/tools/bin/../lib/gcc/arm-none-eabi/10.3.1/../../../../arm-none-eabi/lib/thumb/v7-m/nofp/crt0.o (exit)
c:/st/stm32cubeide_1.12.1/stm32cubeide/plugins/com.st.stm32cube.ide.mcu.externaltools.gnu-tools-for-stm32.10.3-2021.10.win32_1.0.200.202301161003/tools/bin/../lib/gcc/arm-none-eabi/10.3.1/../../../../arm-none-eabi/lib/thumb/v7-m/nofp\libc_nano.a(lib_a-impure.o)
                              c:/st/stm32cubeide_1.12.1/stm32cubeide/plugins/com.st.stm32cube.ide.mcu.externaltools.gnu-tools-for-stm32.10.3-2021.10.win32_1.0.200.202301161003/tools/bin/../lib/gcc/arm-none-eabi/10.3.1/../../../../arm-none-eabi/lib/thumb/v7-m/nofp\libc_nano.a(lib_a-exit.o) (_global_impure_ptr)
c:/st/stm32cubeide_1.12.1/stm32cubeide/plugins/com.st.stm32cube.ide.mcu.externaltools.gnu-tools-for-stm32.10.3-2021.10.win32_1.0.200.202301161003/tools/bin/../lib/gcc/arm-none-eabi/10.3.1/../../../../arm-none-eabi/lib/thumb/v7-m/nofp\libc_nano.a(lib_a-init.o)
                              c:/st/stm32cubeide_1.12.1/stm32cubeide/plugins/com.st.stm32cube.ide.mcu.externaltools.gnu-tools-for-stm32.10.3-2021.10.win32_1.0.200.202301161003/tools/bin/../lib/gcc/arm-none-eabi/10.3.1/../../../../arm-none-eabi/lib/thumb/v7-m/nofp/crt0.o (__libc_init_array)
c:/st/stm32cubeide_1.12.1/stm32cubeide/plugins/com.st.stm32cube.ide.mcu.externaltools.gnu-tools-for-stm32.10.3-2021.10.win32_1.0.200.202301161003/tools/bin/../lib/gcc/arm-none-eabi/10.3.1/../../../../arm-none-eabi/lib/thumb/v7-m/nofp\libc_nano.a(lib_a-memset.o)
                              c:/st/stm32cubeide_1.12.1/stm32cubeide/plugins/com.st.stm32cube.ide.mcu.externaltools.gnu-tools-for-stm32.10.3-2021.10.win32_1.0.200.202301161003/tools/bin/../lib/gcc/arm-none-eabi/10.3.1/../../../../arm-none-eabi/lib/thumb/v7-m/nofp/crt0.o (memset)
c:/st/stm32cubeide_1.12.1/stm32cubeide/plugins/com.st.stm32cube.ide.mcu.externaltools.gnu-tools-for-stm32.10.3-2021.10.win32_1.0.200.202301161003/tools/bin/../lib/gcc/arm-none-eabi/10.3.1/../../../../arm-none-eabi/lib/thumb/v7-m/nofp\libc_nano.a(lib_a-strtol.o)
                              c:/st/stm32cubeide_1.12.1/stm32cubeide/plugins/com.st.stm32cube.ide.mcu.externaltools.gnu-tools-for-stm32.10.3-2021.10.win32_1.0.200.202301161003/tools/bin/../lib/gcc/arm-none-eabi/10.3.1/../../../../arm-none-eabi/lib/thumb/v7-m/nofp\libc_nano.a(lib_a-atoi.o) (_strtol_r)
c:/st/stm32cubeide_1.12.1/stm32cubeide/plugins/com.st.stm32cube.ide.mcu.externaltools.gnu-tools-for-stm32.10.3-2021.10.win32_1.0.200.202301161003/tools/bin/../lib/gcc/arm-none-eabi/10.3.1/../../../../arm-none-eabi/lib/thumb/v7-m/nofp\libc_nano.a(lib_a-ctype_.o)
                              c:/st/stm32cubeide_1.12.1/stm32cubeide/plugins/com.st.stm32cube.ide.mcu.externaltools.gnu-tools-for-stm32.10.3-2021.10.win32_1.0.200.202301161003/tools/bin/../lib/gcc/arm-none-eabi/10.3.1/../../../../arm-none-eabi/lib/thumb/v7-m/nofp\libc_nano.a(lib_a-strtol.o) (_ctype_)

Discarded input sections

 .text          0x0000000000000000        0x0 c:/st/stm32cubeide_1.12.1/stm32cubeide/plugins/com.st.stm32cube.ide.mcu.externaltools.gnu-tools-for-stm32.10.3-2021.10.win32_1.0.200.202301161003/tools/bin/../lib/gcc/arm-none-eabi/10.3.1/thumb/v7-m/nofp/crti.o
 .data          0x0000000000000000        0x0 c:/st/stm32cubeide_1.12.1/stm32cubeide/plugins/com.st.stm32cube.ide.mcu.externaltools.gnu-tools-for-stm32.10.3-2021.10.win32_1.0.200.202301161003/tools/bin/../lib/gcc/arm-none-eabi/10.3.1/thumb/v7-m/nofp/crti.o
 .bss           0x0000000000000000        0x0 c:/st/stm32cubeide_1.12.1/stm32cubeide/plugins/com.st.stm32cube.ide.mcu.externaltools.gnu-tools-for-stm32.10.3-2021.10.win32_1.0.200.202301161003/tools/bin/../lib/gcc/arm-none-eabi/10.3.1/thumb/v7-m/nofp/crti.o
[...]
Memory Configuration

Name             Origin             Length             Attributes
RAM              0x0000000020000000 0x0000000000005000 xrw
FLASH            0x0000000008000000 0x0000000000020000 xr
*default*        0x0000000000000000 0xffffffffffffffff

Linker script and memory map

LOAD c:/st/stm32cubeide_1.12.1/stm32cubeide/plugins/com.st.stm32cube.ide.mcu.externaltools.gnu-tools-for-stm32.10.3-2021.10.win32_1.0.200.202301161003/tools/bin/../lib/gcc/arm-none-eabi/10.3.1/thumb/v7-m/nofp/crti.o
LOAD c:/st/stm32cubeide_1.12.1/stm32cubeide/plugins/com.st.stm32cube.ide.mcu.externaltools.gnu-tools-for-stm32.10.3-2021.10.win32_1.0.200.202301161003/tools/bin/../lib/gcc/arm-none-eabi/10.3.1/thumb/v7-m/nofp/crtbegin.o
LOAD c:/st/stm32cubeide_1.12.1/stm32cubeide/plugins/com.st.stm32cube.ide.mcu.externaltools.gnu-tools-for-stm32.10.3-2021.10.win32_1.0.200.202301161003/tools/bin/../lib/gcc/arm-none-eabi/10.3.1/../../../../arm-none-eabi/lib/thumb/v7-m/nofp/crt0.o
LOAD ./Core/Src/W5500.o
LOAD ./Core/Src/flashRW.o
LOAD ./Core/Src/main.o
LOAD ./Core/Src/stm32f1xx_hal_msp.o
LOAD ./Core/Src/stm32f1xx_it.o
LOAD ./Core/Src/syscalls.o
LOAD ./Core/Src/sysmem.o
LOAD ./Core/Src/system_stm32f1xx.o
LOAD ./Core/Startup/startup_stm32f103rbtx.o
LOAD ./Drivers/STM32F1xx_HAL_Driver/Src/stm32f1xx_hal.o
LOAD ./Drivers/STM32F1xx_HAL_Driver/Src/stm32f1xx_hal_cortex.o
LOAD ./Drivers/STM32F1xx_HAL_Driver/Src/stm32f1xx_hal_dma.o
LOAD ./Drivers/STM32F1xx_HAL_Driver/Src/stm32f1xx_hal_exti.o
LOAD ./Drivers/STM32F1xx_HAL_Driver/Src/stm32f1xx_hal_flash.o
LOAD ./Drivers/STM32F1xx_HAL_Driver/Src/stm32f1xx_hal_flash_ex.o
LOAD ./Drivers/STM32F1xx_HAL_Driver/Src/stm32f1xx_hal_gpio.o
LOAD ./Drivers/STM32F1xx_HAL_Driver/Src/stm32f1xx_hal_gpio_ex.o
LOAD ./Drivers/STM32F1xx_HAL_Driver/Src/stm32f1xx_hal_pwr.o
LOAD ./Drivers/STM32F1xx_HAL_Driver/Src/stm32f1xx_hal_rcc.o
LOAD ./Drivers/STM32F1xx_HAL_Driver/Src/stm32f1xx_hal_rcc_ex.o
LOAD ./Drivers/STM32F1xx_HAL_Driver/Src/stm32f1xx_hal_spi.o
LOAD ./Drivers/STM32F1xx_HAL_Driver/Src/stm32f1xx_hal_tim.o
LOAD ./Drivers/STM32F1xx_HAL_Driver/Src/stm32f1xx_hal_tim_ex.o
LOAD ./Drivers/STM32F1xx_HAL_Driver/Src/stm32f1xx_hal_uart.o
START GROUP
LOAD c:/st/stm32cubeide_1.12.1/stm32cubeide/plugins/com.st.stm32cube.ide.mcu.externaltools.gnu-tools-for-stm32.10.3-2021.10.win32_1.0.200.202301161003/tools/bin/../lib/gcc/arm-none-eabi/10.3.1/../../../../arm-none-eabi/lib/thumb/v7-m/nofp\libstdc++_nano.a
LOAD c:/st/stm32cubeide_1.12.1/stm32cubeide/plugins/com.st.stm32cube.ide.mcu.externaltools.gnu-tools-for-stm32.10.3-2021.10.win32_1.0.200.202301161003/tools/bin/../lib/gcc/arm-none-eabi/10.3.1/../../../../arm-none-eabi/lib/thumb/v7-m/nofp\libsupc++_nano.a
END GROUP
LOAD c:/st/stm32cubeide_1.12.1/stm32cubeide/plugins/com.st.stm32cube.ide.mcu.externaltools.gnu-tools-for-stm32.10.3-2021.10.win32_1.0.200.202301161003/tools/bin/../lib/gcc/arm-none-eabi/10.3.1/../../../../arm-none-eabi/lib/thumb/v7-m/nofp\libstdc++_nano.a
LOAD c:/st/stm32cubeide_1.12.1/stm32cubeide/plugins/com.st.stm32cube.ide.mcu.externaltools.gnu-tools-for-stm32.10.3-2021.10.win32_1.0.200.202301161003/tools/bin/../lib/gcc/arm-none-eabi/10.3.1/../../../../arm-none-eabi/lib/thumb/v7-m/nofp\libm.a
LOAD c:/st/stm32cubeide_1.12.1/stm32cubeide/plugins/com.st.stm32cube.ide.mcu.externaltools.gnu-tools-for-stm32.10.3-2021.10.win32_1.0.200.202301161003/tools/bin/../lib/gcc/arm-none-eabi/10.3.1/../../../../arm-none-eabi/lib/thumb/v7-m/nofp\libc_nano.a
START GROUP
LOAD c:/st/stm32cubeide_1.12.1/stm32cubeide/plugins/com.st.stm32cube.ide.mcu.externaltools.gnu-tools-for-stm32.10.3-2021.10.win32_1.0.200.202301161003/tools/bin/../lib/gcc/arm-none-eabi/10.3.1/thumb/v7-m/nofp\libgcc.a
LOAD c:/st/stm32cubeide_1.12.1/stm32cubeide/plugins/com.st.stm32cube.ide.mcu.externaltools.gnu-tools-for-stm32.10.3-2021.10.win32_1.0.200.202301161003/tools/bin/../lib/gcc/arm-none-eabi/10.3.1/../../../../arm-none-eabi/lib/thumb/v7-m/nofp\libc_nano.a
END GROUP
START GROUP
LOAD c:/st/stm32cubeide_1.12.1/stm32cubeide/plugins/com.st.stm32cube.ide.mcu.externaltools.gnu-tools-for-stm32.10.3-2021.10.win32_1.0.200.202301161003/tools/bin/../lib/gcc/arm-none-eabi/10.3.1/thumb/v7-m/nofp\libgcc.a
LOAD c:/st/stm32cubeide_1.12.1/stm32cubeide/plugins/com.st.stm32cube.ide.mcu.externaltools.gnu-tools-for-stm32.10.3-2021.10.win32_1.0.200.202301161003/tools/bin/../lib/gcc/arm-none-eabi/10.3.1/../../../../arm-none-eabi/lib/thumb/v7-m/nofp\libc_nano.a
LOAD c:/st/stm32cubeide_1.12.1/stm32cubeide/plugins/com.st.stm32cube.ide.mcu.externaltools.gnu-tools-for-stm32.10.3-2021.10.win32_1.0.200.202301161003/tools/bin/../lib/gcc/arm-none-eabi/10.3.1/../../../../arm-none-eabi/lib/thumb/v7-m/nofp\libnosys.a
END GROUP
START GROUP
LOAD c:/st/stm32cubeide_1.12.1/stm32cubeide/plugins/com.st.stm32cube.ide.mcu.externaltools.gnu-tools-for-stm32.10.3-2021.10.win32_1.0.200.202301161003/tools/bin/../lib/gcc/arm-none-eabi/10.3.1/thumb/v7-m/nofp\libgcc.a
LOAD c:/st/stm32cubeide_1.12.1/stm32cubeide/plugins/com.st.stm32cube.ide.mcu.externaltools.gnu-tools-for-stm32.10.3-2021.10.win32_1.0.200.202301161003/tools/bin/../lib/gcc/arm-none-eabi/10.3.1/../../../../arm-none-eabi/lib/thumb/v7-m/nofp\libc_nano.a
LOAD c:/st/stm32cubeide_1.12.1/stm32cubeide/plugins/com.st.stm32cube.ide.mcu.externaltools.gnu-tools-for-stm32.10.3-2021.10.win32_1.0.200.202301161003/tools/bin/../lib/gcc/arm-none-eabi/10.3.1/../../../../arm-none-eabi/lib/thumb/v7-m/nofp\libnosys.a
END GROUP
LOAD c:/st/stm32cubeide_1.12.1/stm32cubeide/plugins/com.st.stm32cube.ide.mcu.externaltools.gnu-tools-for-stm32.10.3-2021.10.win32_1.0.200.202301161003/tools/bin/../lib/gcc/arm-none-eabi/10.3.1/thumb/v7-m/nofp/crtend.o
LOAD c:/st/stm32cubeide_1.12.1/stm32cubeide/plugins/com.st.stm32cube.ide.mcu.externaltools.gnu-tools-for-stm32.10.3-2021.10.win32_1.0.200.202301161003/tools/bin/../lib/gcc/arm-none-eabi/10.3.1/thumb/v7-m/nofp/crtn.o
                0x0000000020005000                _estack = (ORIGIN (RAM) + LENGTH (RAM))
                0x0000000000000200                _Min_Heap_Size = 0x200
                0x0000000000000400                _Min_Stack_Size = 0x400

.isr_vector     0x0000000008000000      0x10c
                0x0000000008000000                . = ALIGN (0x4)
 *(.isr_vector)
 .isr_vector    0x0000000008000000      0x10c ./Core/Startup/startup_stm32f103rbtx.o
                0x0000000008000000                g_pfnVectors
                0x000000000800010c                . = ALIGN (0x4)

.text           0x000000000800010c     0x4410
                0x000000000800010c                . = ALIGN (0x4)
 *(.text)
 .text          0x000000000800010c       0x40 c:/st/stm32cubeide_1.12.1/stm32cubeide/plugins/com.st.stm32cube.ide.mcu.externaltools.gnu-tools-for-stm32.10.3-2021.10.win32_1.0.200.202301161003/tools/bin/../lib/gcc/arm-none-eabi/10.3.1/thumb/v7-m/nofp/crtbegin.o
 *(.text*)
 .text._ZN5W5500C2EP19__SPI_HandleTypeDefP12GPIO_TypeDeftS3_t
                0x000000000800014c       0x58 ./Core/Src/W5500.o
                0x000000000800014c                W5500::W5500(__SPI_HandleTypeDef*, GPIO_TypeDef*, unsigned short, GPIO_TypeDef*, unsigned short)
                0x000000000800014c                W5500::W5500(__SPI_HandleTypeDef*, GPIO_TypeDef*, unsigned short, GPIO_TypeDef*, unsigned short)
 .text._ZN5W5500D2Ev
                0x00000000080001a4       0x14 ./Core/Src/W5500.o
                0x00000000080001a4                W5500::~W5500()
                0x00000000080001a4                W5500::~W5500()
 .text._ZN5W55005resetEv
                0x00000000080001b8       0x3c ./Core/Src/W5500.o
                0x00000000080001b8                W5500::reset()
 .text._ZN5W550015readByteFromCRBEh
                0x00000000080001f4       0x68 ./Core/Src/W5500.o
                0x00000000080001f4                W5500::readByteFromCRB(unsigned char)
 .text._ZN5W550015writeArrayToCRBEPhhh
                0x000000000800025c       0x92 ./Core/Src/W5500.o
                0x000000000800025c                W5500::writeArrayToCRB(unsigned char*, unsigned char, unsigned char)
 .text._ZN5W550015readByteFromSRBEhh
                0x00000000080002ee       0x6c ./Core/Src/W5500.o
                0x00000000080002ee                W5500::readByteFromSRB(unsigned char, unsigned char)
 .text._ZN5W550015readWordFromSRBEhh
                0x000000000800035a       0x78 ./Core/Src/W5500.o
                0x000000000800035a                W5500::readWordFromSRB(unsigned char, unsigned char)
 .text._ZN5W550014writeByteToSRBEhhh
                0x00000000080003d2       0x74 ./Core/Src/W5500.o
                0x00000000080003d2                W5500::writeByteToSRB(unsigned char, unsigned char, unsigned char)
 .text._ZN5W550014writeWordToSRBEhth
                0x0000000008000446       0x7e ./Core/Src/W5500.o
                0x0000000008000446                W5500::writeWordToSRB(unsigned char, unsigned short, unsigned char)
 .text._ZN5W550015writeArrayToSRBEhPhhh
                0x00000000080004c4       0x98 ./Core/Src/W5500.o
                0x00000000080004c4                W5500::writeArrayToSRB(unsigned char, unsigned char*, unsigned char, unsigned char)
 .text._ZN5W550021readArrayFromRXbufferEhPht6word_y
                0x000000000800055c       0x9e ./Core/Src/W5500.o
                0x000000000800055c                W5500::readArrayFromRXbuffer(unsigned char, unsigned char*, unsigned short, word_y)
 .text._ZN5W550020writeArrayToTXbufferEhPht6word_y
                0x00000000080005fa       0xa0 ./Core/Src/W5500.o
                0x00000000080005fa                W5500::writeArrayToTXbuffer(unsigned char, unsigned char*, unsigned short, word_y)
 .text._ZN5W550013receivePacketEhPhPt
                0x000000000800069a       0xa2 ./Core/Src/W5500.o
                0x000000000800069a                W5500::receivePacket(unsigned char, unsigned char*, unsigned short*)
 .text._ZN5W550010sendPacketEhPht
                0x000000000800073c       0x7c ./Core/Src/W5500.o
                0x000000000800073c                W5500::sendPacket(unsigned char, unsigned char*, unsigned short)
 .text.main     0x00000000080007b8      0x40c ./Core/Src/main.o
                0x00000000080007b8                main
 .text._Z18SystemClock_Configv
                0x0000000008000bc4       0x9e ./Core/Src/main.o
                0x0000000008000bc4                SystemClock_Config()
 *fill*         0x0000000008000c62        0x2 
 .text._ZL12MX_SPI1_Initv
                0x0000000008000c64       0x78 ./Core/Src/main.o
 .text._ZL12MX_TIM2_Initv
                0x0000000008000cdc       0xb8 ./Core/Src/main.o
 .text._ZL12MX_TIM3_Initv
                0x0000000008000d94       0xb8 ./Core/Src/main.o
 .text._ZL12MX_TIM4_Initv
                0x0000000008000e4c       0xb8 ./Core/Src/main.o
 .text._ZL19MX_USART1_UART_Initv
                0x0000000008000f04       0x5c ./Core/Src/main.o
 .text._ZL12MX_GPIO_Initv
                0x0000000008000f60      0x14c ./Core/Src/main.o
 .text.HAL_UART_RxCpltCallback
                0x00000000080010ac       0x78 ./Core/Src/main.o
                0x00000000080010ac                HAL_UART_RxCpltCallback
 .text.HAL_UART_TxCpltCallback
                0x0000000008001124       0x2c ./Core/Src/main.o
                0x0000000008001124                HAL_UART_TxCpltCallback
 .text.HAL_TIM_PeriodElapsedCallback
                0x0000000008001150       0xa4 ./Core/Src/main.o
                0x0000000008001150                HAL_TIM_PeriodElapsedCallback
 .text.HAL_GPIO_EXTI_Callback
                0x00000000080011f4      0x1ac ./Core/Src/main.o
                0x00000000080011f4                HAL_GPIO_EXTI_Callback
 .text.Error_Handler
                0x00000000080013a0        0xa ./Core/Src/main.o
                0x00000000080013a0                Error_Handler
 *fill*         0x00000000080013aa        0x2 
 .text._Z41__static_initialization_and_destruction_0ii
                0x00000000080013ac       0x58 ./Core/Src/main.o
 .text._GLOBAL__sub_I_hspi1
                0x0000000008001404       0x10 ./Core/Src/main.o
 .text._GLOBAL__sub_D_hspi1
                0x0000000008001414       0x10 ./Core/Src/main.o
 .text.HAL_MspInit
                0x0000000008001424       0x64 ./Core/Src/stm32f1xx_hal_msp.o
                0x0000000008001424                HAL_MspInit
 .text.HAL_SPI_MspInit
                0x0000000008001488       0xa4 ./Core/Src/stm32f1xx_hal_msp.o
                0x0000000008001488                HAL_SPI_MspInit
 .text.HAL_TIM_Base_MspInit
                0x000000000800152c       0xb8 ./Core/Src/stm32f1xx_hal_msp.o
                0x000000000800152c                HAL_TIM_Base_MspInit
 .text.HAL_UART_MspInit
                0x00000000080015e4       0xa8 ./Core/Src/stm32f1xx_hal_msp.o
                0x00000000080015e4                HAL_UART_MspInit
 .text.NMI_Handler
                0x000000000800168c        0x6 ./Core/Src/stm32f1xx_it.o
                0x000000000800168c                NMI_Handler
 .text.HardFault_Handler
                0x0000000008001692        0x6 ./Core/Src/stm32f1xx_it.o
                0x0000000008001692                HardFault_Handler
 .text.MemManage_Handler
                0x0000000008001698        0x6 ./Core/Src/stm32f1xx_it.o
                0x0000000008001698                MemManage_Handler
 .text.BusFault_Handler
                0x000000000800169e        0x6 ./Core/Src/stm32f1xx_it.o
                0x000000000800169e                BusFault_Handler
 .text.UsageFault_Handler
                0x00000000080016a4        0x6 ./Core/Src/stm32f1xx_it.o
                0x00000000080016a4                UsageFault_Handler
 .text.SVC_Handler
                0x00000000080016aa        0xc ./Core/Src/stm32f1xx_it.o
                0x00000000080016aa                SVC_Handler
 .text.DebugMon_Handler
                0x00000000080016b6        0xc ./Core/Src/stm32f1xx_it.o
                0x00000000080016b6                DebugMon_Handler
 .text.PendSV_Handler
                0x00000000080016c2        0xc ./Core/Src/stm32f1xx_it.o
                0x00000000080016c2                PendSV_Handler
 .text.SysTick_Handler
                0x00000000080016ce        0xc ./Core/Src/stm32f1xx_it.o
                0x00000000080016ce                SysTick_Handler
 .text.EXTI4_IRQHandler
                0x00000000080016da        0xe ./Core/Src/stm32f1xx_it.o
                0x00000000080016da                EXTI4_IRQHandler
 .text.TIM2_IRQHandler
                0x00000000080016e8       0x14 ./Core/Src/stm32f1xx_it.o
                0x00000000080016e8                TIM2_IRQHandler
 .text.TIM3_IRQHandler
                0x00000000080016fc       0x14 ./Core/Src/stm32f1xx_it.o
                0x00000000080016fc                TIM3_IRQHandler
 .text.TIM4_IRQHandler
                0x0000000008001710       0x14 ./Core/Src/stm32f1xx_it.o
                0x0000000008001710                TIM4_IRQHandler
 .text.SPI1_IRQHandler
                0x0000000008001724       0x14 ./Core/Src/stm32f1xx_it.o
                0x0000000008001724                SPI1_IRQHandler
 .text.USART1_IRQHandler
                0x0000000008001738       0x14 ./Core/Src/stm32f1xx_it.o
                0x0000000008001738                USART1_IRQHandler
 .text.SystemInit
                0x000000000800174c        0xc ./Core/Src/system_stm32f1xx.o
                0x000000000800174c                SystemInit
 .text.Reset_Handler
                0x0000000008001758       0x48 ./Core/Startup/startup_stm32f103rbtx.o
                0x0000000008001758                Reset_Handler
 .text.Default_Handler
                0x00000000080017a0        0x2 ./Core/Startup/startup_stm32f103rbtx.o
                0x00000000080017a0                RTC_Alarm_IRQHandler
                0x00000000080017a0                EXTI2_IRQHandler
                0x00000000080017a0                TIM1_CC_IRQHandler
                0x00000000080017a0                PVD_IRQHandler
                0x00000000080017a0                EXTI3_IRQHandler
                0x00000000080017a0                EXTI0_IRQHandler
                0x00000000080017a0                I2C2_EV_IRQHandler
                0x00000000080017a0                ADC1_2_IRQHandler
                0x00000000080017a0                TAMPER_IRQHandler
                0x00000000080017a0                DMA1_Channel4_IRQHandler
                0x00000000080017a0                USART3_IRQHandler
                0x00000000080017a0                RTC_IRQHandler
                0x00000000080017a0                DMA1_Channel7_IRQHandler
                0x00000000080017a0                CAN1_RX1_IRQHandler
                0x00000000080017a0                I2C1_EV_IRQHandler
                0x00000000080017a0                DMA1_Channel6_IRQHandler
                0x00000000080017a0                RCC_IRQHandler
                0x00000000080017a0                TIM1_TRG_COM_IRQHandler
                0x00000000080017a0                DMA1_Channel1_IRQHandler
                0x00000000080017a0                Default_Handler
                0x00000000080017a0                EXTI15_10_IRQHandler
                0x00000000080017a0                EXTI9_5_IRQHandler
                0x00000000080017a0                SPI2_IRQHandler
                0x00000000080017a0                DMA1_Channel5_IRQHandler
                0x00000000080017a0                USB_LP_CAN1_RX0_IRQHandler
                0x00000000080017a0                USB_HP_CAN1_TX_IRQHandler
                0x00000000080017a0                DMA1_Channel3_IRQHandler
                0x00000000080017a0                TIM1_UP_IRQHandler
                0x00000000080017a0                WWDG_IRQHandler
                0x00000000080017a0                TIM1_BRK_IRQHandler
                0x00000000080017a0                EXTI1_IRQHandler
                0x00000000080017a0                USART2_IRQHandler
                0x00000000080017a0                I2C2_ER_IRQHandler
                0x00000000080017a0                DMA1_Channel2_IRQHandler
                0x00000000080017a0                CAN1_SCE_IRQHandler
                0x00000000080017a0                FLASH_IRQHandler
                0x00000000080017a0                I2C1_ER_IRQHandler
                0x00000000080017a0                USBWakeUp_IRQHandler
 *fill*         0x00000000080017a2        0x2 
 .text.HAL_Init
                0x00000000080017a4       0x2c ./Drivers/STM32F1xx_HAL_Driver/Src/stm32f1xx_hal.o
                0x00000000080017a4                HAL_Init
 .text.HAL_InitTick
                0x00000000080017d0       0x60 ./Drivers/STM32F1xx_HAL_Driver/Src/stm32f1xx_hal.o
                0x00000000080017d0                HAL_InitTick
 .text.HAL_IncTick
                0x0000000008001830       0x24 ./Drivers/STM32F1xx_HAL_Driver/Src/stm32f1xx_hal.o
                0x0000000008001830                HAL_IncTick
 .text.HAL_GetTick
                0x0000000008001854       0x14 ./Drivers/STM32F1xx_HAL_Driver/Src/stm32f1xx_hal.o
                0x0000000008001854                HAL_GetTick
 .text.HAL_Delay
                0x0000000008001868       0x48 ./Drivers/STM32F1xx_HAL_Driver/Src/stm32f1xx_hal.o
                0x0000000008001868                HAL_Delay
 .text.__NVIC_SetPriorityGrouping
                0x00000000080018b0       0x48 ./Drivers/STM32F1xx_HAL_Driver/Src/stm32f1xx_hal_cortex.o
 .text.__NVIC_GetPriorityGrouping
                0x00000000080018f8       0x1c ./Drivers/STM32F1xx_HAL_Driver/Src/stm32f1xx_hal_cortex.o
 .text.__NVIC_EnableIRQ
                0x0000000008001914       0x38 ./Drivers/STM32F1xx_HAL_Driver/Src/stm32f1xx_hal_cortex.o
 .text.__NVIC_SetPriority
                0x000000000800194c       0x54 ./Drivers/STM32F1xx_HAL_Driver/Src/stm32f1xx_hal_cortex.o
 .text.NVIC_EncodePriority
                0x00000000080019a0       0x64 ./Drivers/STM32F1xx_HAL_Driver/Src/stm32f1xx_hal_cortex.o
 .text.SysTick_Config
                0x0000000008001a04       0x44 ./Drivers/STM32F1xx_HAL_Driver/Src/stm32f1xx_hal_cortex.o
 .text.HAL_NVIC_SetPriorityGrouping
                0x0000000008001a48       0x16 ./Drivers/STM32F1xx_HAL_Driver/Src/stm32f1xx_hal_cortex.o
                0x0000000008001a48                HAL_NVIC_SetPriorityGrouping
 .text.HAL_NVIC_SetPriority
                0x0000000008001a5e       0x38 ./Drivers/STM32F1xx_HAL_Driver/Src/stm32f1xx_hal_cortex.o
                0x0000000008001a5e                HAL_NVIC_SetPriority
 .text.HAL_NVIC_EnableIRQ
                0x0000000008001a96       0x1c ./Drivers/STM32F1xx_HAL_Driver/Src/stm32f1xx_hal_cortex.o
                0x0000000008001a96                HAL_NVIC_EnableIRQ
 .text.HAL_SYSTICK_Config
                0x0000000008001ab2       0x18 ./Drivers/STM32F1xx_HAL_Driver/Src/stm32f1xx_hal_cortex.o
                0x0000000008001ab2                HAL_SYSTICK_Config
 .text.HAL_DMA_Abort
                0x0000000008001aca       0x74 ./Drivers/STM32F1xx_HAL_Driver/Src/stm32f1xx_hal_dma.o
                0x0000000008001aca                HAL_DMA_Abort
 *fill*         0x0000000008001b3e        0x2 
 .text.HAL_DMA_Abort_IT
                0x0000000008001b40       0xec ./Drivers/STM32F1xx_HAL_Driver/Src/stm32f1xx_hal_dma.o
                0x0000000008001b40                HAL_DMA_Abort_IT
 .text.HAL_GPIO_Init
                0x0000000008001c2c      0x308 ./Drivers/STM32F1xx_HAL_Driver/Src/stm32f1xx_hal_gpio.o
                0x0000000008001c2c                HAL_GPIO_Init
 .text.HAL_GPIO_WritePin
                0x0000000008001f34       0x30 ./Drivers/STM32F1xx_HAL_Driver/Src/stm32f1xx_hal_gpio.o
                0x0000000008001f34                HAL_GPIO_WritePin
 .text.HAL_GPIO_EXTI_IRQHandler
                0x0000000008001f64       0x30 ./Drivers/STM32F1xx_HAL_Driver/Src/stm32f1xx_hal_gpio.o
                0x0000000008001f64                HAL_GPIO_EXTI_IRQHandler
 .text.HAL_RCC_OscConfig
                0x0000000008001f94      0x504 ./Drivers/STM32F1xx_HAL_Driver/Src/stm32f1xx_hal_rcc.o
                0x0000000008001f94                HAL_RCC_OscConfig
 .text.HAL_RCC_ClockConfig
                0x0000000008002498      0x1d4 ./Drivers/STM32F1xx_HAL_Driver/Src/stm32f1xx_hal_rcc.o
                0x0000000008002498                HAL_RCC_ClockConfig
 .text.HAL_RCC_GetSysClockFreq
                0x000000000800266c       0xc0 ./Drivers/STM32F1xx_HAL_Driver/Src/stm32f1xx_hal_rcc.o
                0x000000000800266c                HAL_RCC_GetSysClockFreq
 .text.HAL_RCC_GetHCLKFreq
                0x000000000800272c       0x14 ./Drivers/STM32F1xx_HAL_Driver/Src/stm32f1xx_hal_rcc.o
                0x000000000800272c                HAL_RCC_GetHCLKFreq
 .text.HAL_RCC_GetPCLK1Freq
                0x0000000008002740       0x28 ./Drivers/STM32F1xx_HAL_Driver/Src/stm32f1xx_hal_rcc.o
                0x0000000008002740                HAL_RCC_GetPCLK1Freq
 .text.HAL_RCC_GetPCLK2Freq
                0x0000000008002768       0x28 ./Drivers/STM32F1xx_HAL_Driver/Src/stm32f1xx_hal_rcc.o
                0x0000000008002768                HAL_RCC_GetPCLK2Freq
 .text.RCC_Delay
                0x0000000008002790       0x3c ./Drivers/STM32F1xx_HAL_Driver/Src/stm32f1xx_hal_rcc.o
 .text.HAL_SPI_Init
                0x00000000080027cc      0x108 ./Drivers/STM32F1xx_HAL_Driver/Src/stm32f1xx_hal_spi.o
                0x00000000080027cc                HAL_SPI_Init
 .text.HAL_SPI_Transmit
                0x00000000080028d4      0x278 ./Drivers/STM32F1xx_HAL_Driver/Src/stm32f1xx_hal_spi.o
                0x00000000080028d4                HAL_SPI_Transmit
 .text.HAL_SPI_TransmitReceive
                0x0000000008002b4c      0x344 ./Drivers/STM32F1xx_HAL_Driver/Src/stm32f1xx_hal_spi.o
                0x0000000008002b4c                HAL_SPI_TransmitReceive
 .text.HAL_SPI_IRQHandler
                0x0000000008002e90      0x1cc ./Drivers/STM32F1xx_HAL_Driver/Src/stm32f1xx_hal_spi.o
                0x0000000008002e90                HAL_SPI_IRQHandler
 .text.HAL_SPI_ErrorCallback
                0x000000000800305c       0x12 ./Drivers/STM32F1xx_HAL_Driver/Src/stm32f1xx_hal_spi.o
                0x000000000800305c                HAL_SPI_ErrorCallback
 .text.SPI_DMAAbortOnError
                0x000000000800306e       0x28 ./Drivers/STM32F1xx_HAL_Driver/Src/stm32f1xx_hal_spi.o
 *fill*         0x0000000008003096        0x2 
 .text.SPI_WaitFlagStateUntilTimeout
                0x0000000008003098      0x110 ./Drivers/STM32F1xx_HAL_Driver/Src/stm32f1xx_hal_spi.o
 .text.SPI_EndRxTxTransaction
                0x00000000080031a8       0x3c ./Drivers/STM32F1xx_HAL_Driver/Src/stm32f1xx_hal_spi.o
 .text.HAL_TIM_Base_Init
                0x00000000080031e4       0x9e ./Drivers/STM32F1xx_HAL_Driver/Src/stm32f1xx_hal_tim.o
                0x00000000080031e4                HAL_TIM_Base_Init
 .text.HAL_TIM_Base_Stop
                0x0000000008003282       0x4c ./Drivers/STM32F1xx_HAL_Driver/Src/stm32f1xx_hal_tim.o
                0x0000000008003282                HAL_TIM_Base_Stop
 *fill*         0x00000000080032ce        0x2 
 .text.HAL_TIM_Base_Start_IT
                0x00000000080032d0       0xa4 ./Drivers/STM32F1xx_HAL_Driver/Src/stm32f1xx_hal_tim.o
                0x00000000080032d0                HAL_TIM_Base_Start_IT
 .text.HAL_TIM_IRQHandler
                0x0000000008003374      0x210 ./Drivers/STM32F1xx_HAL_Driver/Src/stm32f1xx_hal_tim.o
                0x0000000008003374                HAL_TIM_IRQHandler
 .text.HAL_TIM_ConfigClockSource
                0x0000000008003584      0x188 ./Drivers/STM32F1xx_HAL_Driver/Src/stm32f1xx_hal_tim.o
                0x0000000008003584                HAL_TIM_ConfigClockSource
 .text.HAL_TIM_OC_DelayElapsedCallback
                0x000000000800370c       0x12 ./Drivers/STM32F1xx_HAL_Driver/Src/stm32f1xx_hal_tim.o
                0x000000000800370c                HAL_TIM_OC_DelayElapsedCallback
 .text.HAL_TIM_IC_CaptureCallback
                0x000000000800371e       0x12 ./Drivers/STM32F1xx_HAL_Driver/Src/stm32f1xx_hal_tim.o
                0x000000000800371e                HAL_TIM_IC_CaptureCallback
 .text.HAL_TIM_PWM_PulseFinishedCallback
                0x0000000008003730       0x12 ./Drivers/STM32F1xx_HAL_Driver/Src/stm32f1xx_hal_tim.o
                0x0000000008003730                HAL_TIM_PWM_PulseFinishedCallback
 .text.HAL_TIM_TriggerCallback
                0x0000000008003742       0x12 ./Drivers/STM32F1xx_HAL_Driver/Src/stm32f1xx_hal_tim.o
                0x0000000008003742                HAL_TIM_TriggerCallback
 .text.TIM_Base_SetConfig
                0x0000000008003754       0xc4 ./Drivers/STM32F1xx_HAL_Driver/Src/stm32f1xx_hal_tim.o
                0x0000000008003754                TIM_Base_SetConfig
 .text.TIM_TI1_ConfigInputStage
                0x0000000008003818       0x5c ./Drivers/STM32F1xx_HAL_Driver/Src/stm32f1xx_hal_tim.o
 .text.TIM_TI2_ConfigInputStage
                0x0000000008003874       0x5e ./Drivers/STM32F1xx_HAL_Driver/Src/stm32f1xx_hal_tim.o
 .text.TIM_ITRx_SetConfig
                0x00000000080038d2       0x34 ./Drivers/STM32F1xx_HAL_Driver/Src/stm32f1xx_hal_tim.o
 .text.TIM_ETR_SetConfig
                0x0000000008003906       0x3e ./Drivers/STM32F1xx_HAL_Driver/Src/stm32f1xx_hal_tim.o
                0x0000000008003906                TIM_ETR_SetConfig
 .text.HAL_TIMEx_MasterConfigSynchronization
                0x0000000008003944       0xbc ./Drivers/STM32F1xx_HAL_Driver/Src/stm32f1xx_hal_tim_ex.o
                0x0000000008003944                HAL_TIMEx_MasterConfigSynchronization
 .text.HAL_TIMEx_CommutCallback
                0x0000000008003a00       0x12 ./Drivers/STM32F1xx_HAL_Driver/Src/stm32f1xx_hal_tim_ex.o
                0x0000000008003a00                HAL_TIMEx_CommutCallback
 .text.HAL_TIMEx_BreakCallback
                0x0000000008003a12       0x12 ./Drivers/STM32F1xx_HAL_Driver/Src/stm32f1xx_hal_tim_ex.o
                0x0000000008003a12                HAL_TIMEx_BreakCallback
 .text.HAL_UART_Init
                0x0000000008003a24       0x9a ./Drivers/STM32F1xx_HAL_Driver/Src/stm32f1xx_hal_uart.o
                0x0000000008003a24                HAL_UART_Init
 .text.HAL_UART_Transmit_IT
                0x0000000008003abe       0x88 ./Drivers/STM32F1xx_HAL_Driver/Src/stm32f1xx_hal_uart.o
                0x0000000008003abe                HAL_UART_Transmit_IT
 .text.HAL_UART_Receive_IT
                0x0000000008003b46       0x60 ./Drivers/STM32F1xx_HAL_Driver/Src/stm32f1xx_hal_uart.o
                0x0000000008003b46                HAL_UART_Receive_IT
 *fill*         0x0000000008003ba6        0x2 
 .text.HAL_UART_IRQHandler
                0x0000000008003ba8      0x354 ./Drivers/STM32F1xx_HAL_Driver/Src/stm32f1xx_hal_uart.o
                0x0000000008003ba8                HAL_UART_IRQHandler
 .text.HAL_UART_ErrorCallback
                0x0000000008003efc       0x12 ./Drivers/STM32F1xx_HAL_Driver/Src/stm32f1xx_hal_uart.o
                0x0000000008003efc                HAL_UART_ErrorCallback
 .text.HAL_UARTEx_RxEventCallback
                0x0000000008003f0e       0x16 ./Drivers/STM32F1xx_HAL_Driver/Src/stm32f1xx_hal_uart.o
                0x0000000008003f0e                HAL_UARTEx_RxEventCallback
 .text.HAL_UART_GetState
                0x0000000008003f24       0x3a ./Drivers/STM32F1xx_HAL_Driver/Src/stm32f1xx_hal_uart.o
                0x0000000008003f24                HAL_UART_GetState
 .text.UART_Start_Receive_IT
                0x0000000008003f5e       0x72 ./Drivers/STM32F1xx_HAL_Driver/Src/stm32f1xx_hal_uart.o
                0x0000000008003f5e                UART_Start_Receive_IT
 .text.UART_EndRxTransfer
                0x0000000008003fd0       0x58 ./Drivers/STM32F1xx_HAL_Driver/Src/stm32f1xx_hal_uart.o
 .text.UART_DMAAbortOnError
                0x0000000008004028       0x28 ./Drivers/STM32F1xx_HAL_Driver/Src/stm32f1xx_hal_uart.o
 .text.UART_Transmit_IT
                0x0000000008004050       0x9e ./Drivers/STM32F1xx_HAL_Driver/Src/stm32f1xx_hal_uart.o
 .text.UART_EndTransmit_IT
                0x00000000080040ee       0x30 ./Drivers/STM32F1xx_HAL_Driver/Src/stm32f1xx_hal_uart.o
 .text.UART_Receive_IT
                0x000000000800411e      0x152 ./Drivers/STM32F1xx_HAL_Driver/Src/stm32f1xx_hal_uart.o
 .text.UART_SetConfig
                0x0000000008004270      0x11c ./Drivers/STM32F1xx_HAL_Driver/Src/stm32f1xx_hal_uart.o
 .text.atoi     0x000000000800438c        0x8 c:/st/stm32cubeide_1.12.1/stm32cubeide/plugins/com.st.stm32cube.ide.mcu.externaltools.gnu-tools-for-stm32.10.3-2021.10.win32_1.0.200.202301161003/tools/bin/../lib/gcc/arm-none-eabi/10.3.1/../../../../arm-none-eabi/lib/thumb/v7-m/nofp\libc_nano.a(lib_a-atoi.o)
                0x000000000800438c                atoi
 .text.__errno  0x0000000008004394        0xc c:/st/stm32cubeide_1.12.1/stm32cubeide/plugins/com.st.stm32cube.ide.mcu.externaltools.gnu-tools-for-stm32.10.3-2021.10.win32_1.0.200.202301161003/tools/bin/../lib/gcc/arm-none-eabi/10.3.1/../../../../arm-none-eabi/lib/thumb/v7-m/nofp\libc_nano.a(lib_a-errno.o)
                0x0000000008004394                __errno
 .text.__libc_init_array
                0x00000000080043a0       0x48 c:/st/stm32cubeide_1.12.1/stm32cubeide/plugins/com.st.stm32cube.ide.mcu.externaltools.gnu-tools-for-stm32.10.3-2021.10.win32_1.0.200.202301161003/tools/bin/../lib/gcc/arm-none-eabi/10.3.1/../../../../arm-none-eabi/lib/thumb/v7-m/nofp\libc_nano.a(lib_a-init.o)
                0x00000000080043a0                __libc_init_array
 .text.memset   0x00000000080043e8       0x10 c:/st/stm32cubeide_1.12.1/stm32cubeide/plugins/com.st.stm32cube.ide.mcu.externaltools.gnu-tools-for-stm32.10.3-2021.10.win32_1.0.200.202301161003/tools/bin/../lib/gcc/arm-none-eabi/10.3.1/../../../../arm-none-eabi/lib/thumb/v7-m/nofp\libc_nano.a(lib_a-memset.o)
                0x00000000080043e8                memset
 .text._strtol_l.constprop.0
                0x00000000080043f8       0xf8 c:/st/stm32cubeide_1.12.1/stm32cubeide/plugins/com.st.stm32cube.ide.mcu.externaltools.gnu-tools-for-stm32.10.3-2021.10.win32_1.0.200.202301161003/tools/bin/../lib/gcc/arm-none-eabi/10.3.1/../../../../arm-none-eabi/lib/thumb/v7-m/nofp\libc_nano.a(lib_a-strtol.o)
 .text.strtol   0x00000000080044f0       0x14 c:/st/stm32cubeide_1.12.1/stm32cubeide/plugins/com.st.stm32cube.ide.mcu.externaltools.gnu-tools-for-stm32.10.3-2021.10.win32_1.0.200.202301161003/tools/bin/../lib/gcc/arm-none-eabi/10.3.1/../../../../arm-none-eabi/lib/thumb/v7-m/nofp\libc_nano.a(lib_a-strtol.o)
                0x00000000080044f0                strtol
 *(.glue_7)
 .glue_7        0x0000000008004504        0x0 linker stubs
 *(.glue_7t)
 .glue_7t       0x0000000008004504        0x0 linker stubs
 *(.eh_frame)
 .eh_frame      0x0000000008004504        0x0 c:/st/stm32cubeide_1.12.1/stm32cubeide/plugins/com.st.stm32cube.ide.mcu.externaltools.gnu-tools-for-stm32.10.3-2021.10.win32_1.0.200.202301161003/tools/bin/../lib/gcc/arm-none-eabi/10.3.1/thumb/v7-m/nofp/crtbegin.o
 *(.init)
 .init          0x0000000008004504        0x4 c:/st/stm32cubeide_1.12.1/stm32cubeide/plugins/com.st.stm32cube.ide.mcu.externaltools.gnu-tools-for-stm32.10.3-2021.10.win32_1.0.200.202301161003/tools/bin/../lib/gcc/arm-none-eabi/10.3.1/thumb/v7-m/nofp/crti.o
                0x0000000008004504                _init
 .init          0x0000000008004508        0x8 c:/st/stm32cubeide_1.12.1/stm32cubeide/plugins/com.st.stm32cube.ide.mcu.externaltools.gnu-tools-for-stm32.10.3-2021.10.win32_1.0.200.202301161003/tools/bin/../lib/gcc/arm-none-eabi/10.3.1/thumb/v7-m/nofp/crtn.o
 *(.fini)
 .fini          0x0000000008004510        0x4 c:/st/stm32cubeide_1.12.1/stm32cubeide/plugins/com.st.stm32cube.ide.mcu.externaltools.gnu-tools-for-stm32.10.3-2021.10.win32_1.0.200.202301161003/tools/bin/../lib/gcc/arm-none-eabi/10.3.1/thumb/v7-m/nofp/crti.o
                0x0000000008004510                _fini
 .fini          0x0000000008004514        0x8 c:/st/stm32cubeide_1.12.1/stm32cubeide/plugins/com.st.stm32cube.ide.mcu.externaltools.gnu-tools-for-stm32.10.3-2021.10.win32_1.0.200.202301161003/tools/bin/../lib/gcc/arm-none-eabi/10.3.1/thumb/v7-m/nofp/crtn.o
                0x000000000800451c                . = ALIGN (0x4)
                0x000000000800451c                _etext = .

.vfp11_veneer   0x000000000800451c        0x0
 .vfp11_veneer  0x000000000800451c        0x0 linker stubs

.v4_bx          0x000000000800451c        0x0
 .v4_bx         0x000000000800451c        0x0 linker stubs

.iplt           0x000000000800451c        0x0
 .iplt          0x000000000800451c        0x0 c:/st/stm32cubeide_1.12.1/stm32cubeide/plugins/com.st.stm32cube.ide.mcu.externaltools.gnu-tools-for-stm32.10.3-2021.10.win32_1.0.200.202301161003/tools/bin/../lib/gcc/arm-none-eabi/10.3.1/thumb/v7-m/nofp/crtbegin.o

.rodata         0x000000000800451c      0x12c
                0x000000000800451c                . = ALIGN (0x4)
 *(.rodata)
 .rodata        0x000000000800451c       0x10 ./Drivers/STM32F1xx_HAL_Driver/Src/stm32f1xx_hal_rcc.o
 *(.rodata*)
 .rodata.AHBPrescTable
                0x000000000800452c       0x10 ./Core/Src/system_stm32f1xx.o
                0x000000000800452c                AHBPrescTable
 .rodata.APBPrescTable
                0x000000000800453c        0x8 ./Core/Src/system_stm32f1xx.o
                0x000000000800453c                APBPrescTable
 .rodata._ctype_
                0x0000000008004544      0x101 c:/st/stm32cubeide_1.12.1/stm32cubeide/plugins/com.st.stm32cube.ide.mcu.externaltools.gnu-tools-for-stm32.10.3-2021.10.win32_1.0.200.202301161003/tools/bin/../lib/gcc/arm-none-eabi/10.3.1/../../../../arm-none-eabi/lib/thumb/v7-m/nofp\libc_nano.a(lib_a-ctype_.o)
                0x0000000008004544                _ctype_
                0x0000000008004648                . = ALIGN (0x4)
 *fill*         0x0000000008004645        0x3 

.rel.dyn        0x0000000008004648        0x0
 .rel.iplt      0x0000000008004648        0x0 c:/st/stm32cubeide_1.12.1/stm32cubeide/plugins/com.st.stm32cube.ide.mcu.externaltools.gnu-tools-for-stm32.10.3-2021.10.win32_1.0.200.202301161003/tools/bin/../lib/gcc/arm-none-eabi/10.3.1/thumb/v7-m/nofp/crtbegin.o

.ARM.extab      0x0000000008004648        0x0
                0x0000000008004648                . = ALIGN (0x4)
 *(.ARM.extab* .gnu.linkonce.armextab.*)
                0x0000000008004648                . = ALIGN (0x4)

.ARM            0x0000000008004648        0x0
                0x0000000008004648                . = ALIGN (0x4)
                0x0000000008004648                __exidx_start = .
 *(.ARM.exidx*)
                0x0000000008004648                __exidx_end = .
                0x0000000008004648                . = ALIGN (0x4)

.preinit_array  0x0000000008004648        0x0
                0x0000000008004648                . = ALIGN (0x4)
                0x0000000008004648                PROVIDE (__preinit_array_start = .)
 *(.preinit_array*)
                0x0000000008004648                PROVIDE (__preinit_array_end = .)
                0x0000000008004648                . = ALIGN (0x4)

.init_array     0x0000000008004648        0x8
                0x0000000008004648                . = ALIGN (0x4)
                0x0000000008004648                PROVIDE (__init_array_start = .)
 *(SORT_BY_NAME(.init_array.*))
 *(.init_array*)
 .init_array    0x0000000008004648        0x4 c:/st/stm32cubeide_1.12.1/stm32cubeide/plugins/com.st.stm32cube.ide.mcu.externaltools.gnu-tools-for-stm32.10.3-2021.10.win32_1.0.200.202301161003/tools/bin/../lib/gcc/arm-none-eabi/10.3.1/thumb/v7-m/nofp/crtbegin.o
 .init_array    0x000000000800464c        0x4 ./Core/Src/main.o
                0x0000000008004650                PROVIDE (__init_array_end = .)
                0x0000000008004650                . = ALIGN (0x4)

.fini_array     0x0000000008004650        0x8
                0x0000000008004650                . = ALIGN (0x4)
                [!provide]                        PROVIDE (__fini_array_start = .)
 *(SORT_BY_NAME(.fini_array.*))
 *(.fini_array*)
 .fini_array    0x0000000008004650        0x4 c:/st/stm32cubeide_1.12.1/stm32cubeide/plugins/com.st.stm32cube.ide.mcu.externaltools.gnu-tools-for-stm32.10.3-2021.10.win32_1.0.200.202301161003/tools/bin/../lib/gcc/arm-none-eabi/10.3.1/thumb/v7-m/nofp/crtbegin.o
 .fini_array    0x0000000008004654        0x4 ./Core/Src/main.o
                [!provide]                        PROVIDE (__fini_array_end = .)
                0x0000000008004658                . = ALIGN (0x4)
                0x0000000008004658                _sidata = LOADADDR (.data)

.data           0x0000000020000000      0x200 load address 0x0000000008004658
                0x0000000020000000                . = ALIGN (0x4)
                0x0000000020000000                _sdata = .
 *(.data)
 *(.data*)
 .data.crb      0x0000000020000000       0x30 ./Core/Src/main.o
                0x0000000020000000                crb
 .data.srb0     0x0000000020000030       0x30 ./Core/Src/main.o
                0x0000000020000030                srb0
 .data.srb1     0x0000000020000060       0x30 ./Core/Src/main.o
                0x0000000020000060                srb1
 .data.srb2     0x0000000020000090       0x30 ./Core/Src/main.o
                0x0000000020000090                srb2
 .data.text1    0x00000000200000c0       0x35 ./Core/Src/main.o
                0x00000000200000c0                text1
 *fill*         0x00000000200000f5        0x3 
 .data.text2    0x00000000200000f8       0x1b ./Core/Src/main.o
                0x00000000200000f8                text2
 *fill*         0x0000000020000113        0x1 
 .data.text3    0x0000000020000114       0x1c ./Core/Src/main.o
                0x0000000020000114                text3
 .data.text4    0x0000000020000130       0x1b ./Core/Src/main.o
                0x0000000020000130                text4
 *fill*         0x000000002000014b        0x1 
 .data.text5    0x000000002000014c       0x25 ./Core/Src/main.o
                0x000000002000014c                text5
 *fill*         0x0000000020000171        0x3 
 .data.arrText  0x0000000020000174       0x10 ./Core/Src/main.o
                0x0000000020000174                arrText
 .data.ptrReadBufferTelnet
                0x0000000020000184        0x4 ./Core/Src/main.o
                0x0000000020000184                ptrReadBufferTelnet
 .data.ptrWriteBufferTelnet
                0x0000000020000188        0x4 ./Core/Src/main.o
                0x0000000020000188                ptrWriteBufferTelnet
 .data.ptrEndBufferTelnet
                0x000000002000018c        0x4 ./Core/Src/main.o
                0x000000002000018c                ptrEndBufferTelnet
 .data.SystemCoreClock
                0x0000000020000190        0x4 ./Core/Src/system_stm32f1xx.o
                0x0000000020000190                SystemCoreClock
 .data.uwTickPrio
                0x0000000020000194        0x4 ./Drivers/STM32F1xx_HAL_Driver/Src/stm32f1xx_hal.o
                0x0000000020000194                uwTickPrio
 .data.uwTickFreq
                0x0000000020000198        0x1 ./Drivers/STM32F1xx_HAL_Driver/Src/stm32f1xx_hal.o
                0x0000000020000198                uwTickFreq
 *fill*         0x0000000020000199        0x3 
 .data._impure_ptr
                0x000000002000019c        0x4 c:/st/stm32cubeide_1.12.1/stm32cubeide/plugins/com.st.stm32cube.ide.mcu.externaltools.gnu-tools-for-stm32.10.3-2021.10.win32_1.0.200.202301161003/tools/bin/../lib/gcc/arm-none-eabi/10.3.1/../../../../arm-none-eabi/lib/thumb/v7-m/nofp\libc_nano.a(lib_a-impure.o)
                0x000000002000019c                _impure_ptr
 .data.impure_data
                0x00000000200001a0       0x60 c:/st/stm32cubeide_1.12.1/stm32cubeide/plugins/com.st.stm32cube.ide.mcu.externaltools.gnu-tools-for-stm32.10.3-2021.10.win32_1.0.200.202301161003/tools/bin/../lib/gcc/arm-none-eabi/10.3.1/../../../../arm-none-eabi/lib/thumb/v7-m/nofp\libc_nano.a(lib_a-impure.o)
 *(.RamFunc)
 *(.RamFunc*)
                0x0000000020000200                . = ALIGN (0x4)
                0x0000000020000200                _edata = .

.igot.plt       0x0000000020000200        0x0 load address 0x0000000008004858
 .igot.plt      0x0000000020000200        0x0 c:/st/stm32cubeide_1.12.1/stm32cubeide/plugins/com.st.stm32cube.ide.mcu.externaltools.gnu-tools-for-stm32.10.3-2021.10.win32_1.0.200.202301161003/tools/bin/../lib/gcc/arm-none-eabi/10.3.1/thumb/v7-m/nofp/crtbegin.o
                0x0000000020000200                . = ALIGN (0x4)

.bss            0x0000000020000200     0x1efc load address 0x0000000008004858
                0x0000000020000200                _sbss = .
                0x0000000020000200                __bss_start__ = _sbss
 *(.bss)
 .bss           0x0000000020000200       0x1c c:/st/stm32cubeide_1.12.1/stm32cubeide/plugins/com.st.stm32cube.ide.mcu.externaltools.gnu-tools-for-stm32.10.3-2021.10.win32_1.0.200.202301161003/tools/bin/../lib/gcc/arm-none-eabi/10.3.1/thumb/v7-m/nofp/crtbegin.o
 *(.bss*)
 .bss.hspi1     0x000000002000021c       0x58 ./Core/Src/main.o
                0x000000002000021c                hspi1
 .bss.htim2     0x0000000020000274       0x48 ./Core/Src/main.o
                0x0000000020000274                htim2
 .bss.htim3     0x00000000200002bc       0x48 ./Core/Src/main.o
                0x00000000200002bc                htim3
 .bss.htim4     0x0000000020000304       0x48 ./Core/Src/main.o
                0x0000000020000304                htim4
 .bss.huart1    0x000000002000034c       0x44 ./Core/Src/main.o
                0x000000002000034c                huart1
 .bss.receivedByteUART
                0x0000000020000390        0x1 ./Core/Src/main.o
                0x0000000020000390                receivedByteUART
 *fill*         0x0000000020000391        0x3 
 .bss.receivedPacketUART
                0x0000000020000394      0x100 ./Core/Src/main.o
                0x0000000020000394                receivedPacketUART
 .bss.receivedBytesUARTCounter
                0x0000000020000494        0x1 ./Core/Src/main.o
                0x0000000020000494                receivedBytesUARTCounter
 .bss.receivedPacketUARTisReady
                0x0000000020000495        0x1 ./Core/Src/main.o
                0x0000000020000495                receivedPacketUARTisReady
 *fill*         0x0000000020000496        0x2 
 .bss.copiedReceivedPacketUART
                0x0000000020000498      0x100 ./Core/Src/main.o
                0x0000000020000498                copiedReceivedPacketUART
 .bss.copiedReceivedBytesUARTCounter
                0x0000000020000598        0x1 ./Core/Src/main.o
                0x0000000020000598                copiedReceivedBytesUARTCounter
 .bss.needsTransmitUDP
                0x0000000020000599        0x1 ./Core/Src/main.o
                0x0000000020000599                needsTransmitUDP
 .bss.needsTransmitTCP
                0x000000002000059a        0x1 ./Core/Src/main.o
                0x000000002000059a                needsTransmitTCP
 .bss.needsOpenTCP
                0x000000002000059b        0x1 ./Core/Src/main.o
                0x000000002000059b                needsOpenTCP
 .bss.needsOpenTelnet
                0x000000002000059c        0x1 ./Core/Src/main.o
                0x000000002000059c                needsOpenTelnet
 .bss.socket0dataReady
                0x000000002000059d        0x1 ./Core/Src/main.o
                0x000000002000059d                socket0dataReady
 *fill*         0x000000002000059e        0x2 
 .bss.receiveSocket0data
                0x00000000200005a0      0x806 ./Core/Src/main.o
                0x00000000200005a0                receiveSocket0data
 .bss.sizeOfReceiveSocket0data
                0x0000000020000da6        0x2 ./Core/Src/main.o
                0x0000000020000da6                sizeOfReceiveSocket0data
 .bss.socket1dataReady
                0x0000000020000da8        0x1 ./Core/Src/main.o
                0x0000000020000da8                socket1dataReady
 *fill*         0x0000000020000da9        0x3 
 .bss.receiveSocket1data
                0x0000000020000dac      0x806 ./Core/Src/main.o
                0x0000000020000dac                receiveSocket1data
 .bss.sizeOfReceiveSocket1data
                0x00000000200015b2        0x2 ./Core/Src/main.o
                0x00000000200015b2                sizeOfReceiveSocket1data
 .bss.socket2dataReady
                0x00000000200015b4        0x1 ./Core/Src/main.o
                0x00000000200015b4                socket2dataReady
 *fill*         0x00000000200015b5        0x3 
 .bss.receiveSocket2data
                0x00000000200015b8      0x806 ./Core/Src/main.o
                0x00000000200015b8                receiveSocket2data
 .bss.sizeOfReceiveSocket2data
                0x0000000020001dbe        0x2 ./Core/Src/main.o
                0x0000000020001dbe                sizeOfReceiveSocket2data
 .bss.bufferTelnet
                0x0000000020001dc0      0x100 ./Core/Src/main.o
                0x0000000020001dc0                bufferTelnet
 .bss.typedValueCounter
                0x0000000020001ec0        0x1 ./Core/Src/main.o
                0x0000000020001ec0                typedValueCounter
 *fill*         0x0000000020001ec1        0x3 
 .bss.buff32    0x0000000020001ec4       0x20 ./Core/Src/main.o
                0x0000000020001ec4                buff32
 .bss.counter32
                0x0000000020001ee4        0x1 ./Core/Src/main.o
                0x0000000020001ee4                counter32
 *fill*         0x0000000020001ee5        0x3 
 .bss.ethernetA1
                0x0000000020001ee8      0x210 ./Core/Src/main.o
                0x0000000020001ee8                ethernetA1
 .bss.uwTick    0x00000000200020f8        0x4 ./Drivers/STM32F1xx_HAL_Driver/Src/stm32f1xx_hal.o
                0x00000000200020f8                uwTick
 *(COMMON)
                0x00000000200020fc                . = ALIGN (0x4)
                0x00000000200020fc                _ebss = .
                0x00000000200020fc                __bss_end__ = _ebss

._user_heap_stack
                0x00000000200020fc      0x604 load address 0x0000000008004858
                0x0000000020002100                . = ALIGN (0x8)
 *fill*         0x00000000200020fc        0x4 
                [!provide]                        PROVIDE (end = .)
                0x0000000020002100                PROVIDE (_end = .)
                0x0000000020002300                . = (. + _Min_Heap_Size)
 *fill*         0x0000000020002100      0x200 
                0x0000000020002700                . = (. + _Min_Stack_Size)
 *fill*         0x0000000020002300      0x400 
                0x0000000020002700                . = ALIGN (0x8)

/DISCARD/
 libc.a(*)
 libm.a(*)
 libgcc.a(*)

.ARM.attributes
                0x0000000000000000       0x29
 *(.ARM.attributes)
 .ARM.attributes
                0x0000000000000000       0x1d c:/st/stm32cubeide_1.12.1/stm32cubeide/plugins/com.st.stm32cube.ide.mcu.externaltools.gnu-tools-for-stm32.10.3-2021.10.win32_1.0.200.202301161003/tools/bin/../lib/gcc/arm-none-eabi/10.3.1/thumb/v7-m/nofp/crti.o
 .ARM.attributes
                0x000000000000001d       0x2d c:/st/stm32cubeide_1.12.1/stm32cubeide/plugins/com.st.stm32cube.ide.mcu.externaltools.gnu-tools-for-stm32.10.3-2021.10.win32_1.0.200.202301161003/tools/bin/../lib/gcc/arm-none-eabi/10.3.1/thumb/v7-m/nofp/crtbegin.o
 .ARM.attributes
                0x000000000000004a       0x2d ./Core/Src/W5500.o
 .ARM.attributes
                0x0000000000000077       0x2d ./Core/Src/main.o
 .ARM.attributes
                0x00000000000000a4       0x2d ./Core/Src/stm32f1xx_hal_msp.o
 .ARM.attributes
                0x00000000000000d1       0x2d ./Core/Src/stm32f1xx_it.o
 .ARM.attributes
                0x00000000000000fe       0x2d ./Core/Src/system_stm32f1xx.o
 .ARM.attributes
                0x000000000000012b       0x21 ./Core/Startup/startup_stm32f103rbtx.o
 .ARM.attributes
                0x000000000000014c       0x2d ./Drivers/STM32F1xx_HAL_Driver/Src/stm32f1xx_hal.o
 .ARM.attributes
                0x0000000000000179       0x2d ./Drivers/STM32F1xx_HAL_Driver/Src/stm32f1xx_hal_cortex.o
 .ARM.attributes
                0x00000000000001a6       0x2d ./Drivers/STM32F1xx_HAL_Driver/Src/stm32f1xx_hal_dma.o
 .ARM.attributes
                0x00000000000001d3       0x2d ./Drivers/STM32F1xx_HAL_Driver/Src/stm32f1xx_hal_gpio.o
 .ARM.attributes
                0x0000000000000200       0x2d ./Drivers/STM32F1xx_HAL_Driver/Src/stm32f1xx_hal_rcc.o
 .ARM.attributes
                0x000000000000022d       0x2d ./Drivers/STM32F1xx_HAL_Driver/Src/stm32f1xx_hal_spi.o
 .ARM.attributes
                0x000000000000025a       0x2d ./Drivers/STM32F1xx_HAL_Driver/Src/stm32f1xx_hal_tim.o
 .ARM.attributes
                0x0000000000000287       0x2d ./Drivers/STM32F1xx_HAL_Driver/Src/stm32f1xx_hal_tim_ex.o
 .ARM.attributes
                0x00000000000002b4       0x2d ./Drivers/STM32F1xx_HAL_Driver/Src/stm32f1xx_hal_uart.o
 .ARM.attributes
                0x00000000000002e1       0x2d c:/st/stm32cubeide_1.12.1/stm32cubeide/plugins/com.st.stm32cube.ide.mcu.externaltools.gnu-tools-for-stm32.10.3-2021.10.win32_1.0.200.202301161003/tools/bin/../lib/gcc/arm-none-eabi/10.3.1/../../../../arm-none-eabi/lib/thumb/v7-m/nofp\libc_nano.a(lib_a-atoi.o)
 .ARM.attributes
                0x000000000000030e       0x2d c:/st/stm32cubeide_1.12.1/stm32cubeide/plugins/com.st.stm32cube.ide.mcu.externaltools.gnu-tools-for-stm32.10.3-2021.10.win32_1.0.200.202301161003/tools/bin/../lib/gcc/arm-none-eabi/10.3.1/../../../../arm-none-eabi/lib/thumb/v7-m/nofp\libc_nano.a(lib_a-errno.o)
 .ARM.attributes
                0x000000000000033b       0x2d c:/st/stm32cubeide_1.12.1/stm32cubeide/plugins/com.st.stm32cube.ide.mcu.externaltools.gnu-tools-for-stm32.10.3-2021.10.win32_1.0.200.202301161003/tools/bin/../lib/gcc/arm-none-eabi/10.3.1/../../../../arm-none-eabi/lib/thumb/v7-m/nofp\libc_nano.a(lib_a-impure.o)
 .ARM.attributes
                0x0000000000000368       0x2d c:/st/stm32cubeide_1.12.1/stm32cubeide/plugins/com.st.stm32cube.ide.mcu.externaltools.gnu-tools-for-stm32.10.3-2021.10.win32_1.0.200.202301161003/tools/bin/../lib/gcc/arm-none-eabi/10.3.1/../../../../arm-none-eabi/lib/thumb/v7-m/nofp\libc_nano.a(lib_a-init.o)
 .ARM.attributes
                0x0000000000000395       0x2d c:/st/stm32cubeide_1.12.1/stm32cubeide/plugins/com.st.stm32cube.ide.mcu.externaltools.gnu-tools-for-stm32.10.3-2021.10.win32_1.0.200.202301161003/tools/bin/../lib/gcc/arm-none-eabi/10.3.1/../../../../arm-none-eabi/lib/thumb/v7-m/nofp\libc_nano.a(lib_a-memset.o)
 .ARM.attributes
                0x00000000000003c2       0x2d c:/st/stm32cubeide_1.12.1/stm32cubeide/plugins/com.st.stm32cube.ide.mcu.externaltools.gnu-tools-for-stm32.10.3-2021.10.win32_1.0.200.202301161003/tools/bin/../lib/gcc/arm-none-eabi/10.3.1/../../../../arm-none-eabi/lib/thumb/v7-m/nofp\libc_nano.a(lib_a-strtol.o)
 .ARM.attributes
                0x00000000000003ef       0x2d c:/st/stm32cubeide_1.12.1/stm32cubeide/plugins/com.st.stm32cube.ide.mcu.externaltools.gnu-tools-for-stm32.10.3-2021.10.win32_1.0.200.202301161003/tools/bin/../lib/gcc/arm-none-eabi/10.3.1/../../../../arm-none-eabi/lib/thumb/v7-m/nofp\libc_nano.a(lib_a-ctype_.o)
 .ARM.attributes
                0x000000000000041c       0x1d c:/st/stm32cubeide_1.12.1/stm32cubeide/plugins/com.st.stm32cube.ide.mcu.externaltools.gnu-tools-for-stm32.10.3-2021.10.win32_1.0.200.202301161003/tools/bin/../lib/gcc/arm-none-eabi/10.3.1/thumb/v7-m/nofp/crtn.o
OUTPUT(W5500.elf elf32-littlearm)
LOAD linker stubs
LOAD c:/st/stm32cubeide_1.12.1/stm32cubeide/plugins/com.st.stm32cube.ide.mcu.externaltools.gnu-tools-for-stm32.10.3-2021.10.win32_1.0.200.202301161003/tools/bin/../lib/gcc/arm-none-eabi/10.3.1/../../../../arm-none-eabi/lib/thumb/v7-m/nofp\libc.a
LOAD c:/st/stm32cubeide_1.12.1/stm32cubeide/plugins/com.st.stm32cube.ide.mcu.externaltools.gnu-tools-for-stm32.10.3-2021.10.win32_1.0.200.202301161003/tools/bin/../lib/gcc/arm-none-eabi/10.3.1/../../../../arm-none-eabi/lib/thumb/v7-m/nofp\libm.a
LOAD c:/st/stm32cubeide_1.12.1/stm32cubeide/plugins/com.st.stm32cube.ide.mcu.externaltools.gnu-tools-for-stm32.10.3-2021.10.win32_1.0.200.202301161003/tools/bin/../lib/gcc/arm-none-eabi/10.3.1/thumb/v7-m/nofp\libgcc.a

.debug_info     0x0000000000000000     0xf146
 .debug_info    0x0000000000000000     0x134e ./Core/Src/W5500.o
 .debug_info    0x000000000000134e     0x2b0a ./Core/Src/main.o
 .debug_info    0x0000000000003e58     0x10cf ./Core/Src/stm32f1xx_hal_msp.o
 .debug_info    0x0000000000004f27      0xc97 ./Core/Src/stm32f1xx_it.o
 .debug_info    0x0000000000005bbe      0x23d ./Core/Src/system_stm32f1xx.o
 .debug_info    0x0000000000005dfb       0x22 ./Core/Startup/startup_stm32f103rbtx.o
 .debug_info    0x0000000000005e1d      0x734 ./Drivers/STM32F1xx_HAL_Driver/Src/stm32f1xx_hal.o
 .debug_info    0x0000000000006551      0xb20 ./Drivers/STM32F1xx_HAL_Driver/Src/stm32f1xx_hal_cortex.o
 .debug_info    0x0000000000007071      0x73f ./Drivers/STM32F1xx_HAL_Driver/Src/stm32f1xx_hal_dma.o
 .debug_info    0x00000000000077b0      0x615 ./Drivers/STM32F1xx_HAL_Driver/Src/stm32f1xx_hal_gpio.o
 .debug_info    0x0000000000007dc5      0x860 ./Drivers/STM32F1xx_HAL_Driver/Src/stm32f1xx_hal_rcc.o
 .debug_info    0x0000000000008625     0x1658 ./Drivers/STM32F1xx_HAL_Driver/Src/stm32f1xx_hal_spi.o
 .debug_info    0x0000000000009c7d     0x29de ./Drivers/STM32F1xx_HAL_Driver/Src/stm32f1xx_hal_tim.o
 .debug_info    0x000000000000c65b     0x1513 ./Drivers/STM32F1xx_HAL_Driver/Src/stm32f1xx_hal_tim_ex.o
 .debug_info    0x000000000000db6e     0x15d8 ./Drivers/STM32F1xx_HAL_Driver/Src/stm32f1xx_hal_uart.o

.debug_abbrev   0x0000000000000000     0x21c2
 .debug_abbrev  0x0000000000000000      0x304 ./Core/Src/W5500.o
 .debug_abbrev  0x0000000000000304      0x4b9 ./Core/Src/main.o
 .debug_abbrev  0x00000000000007bd      0x203 ./Core/Src/stm32f1xx_hal_msp.o
 .debug_abbrev  0x00000000000009c0      0x1c4 ./Core/Src/stm32f1xx_it.o
 .debug_abbrev  0x0000000000000b84      0x13b ./Core/Src/system_stm32f1xx.o
 .debug_abbrev  0x0000000000000cbf       0x12 ./Core/Startup/startup_stm32f103rbtx.o
 .debug_abbrev  0x0000000000000cd1      0x1fb ./Drivers/STM32F1xx_HAL_Driver/Src/stm32f1xx_hal.o
 .debug_abbrev  0x0000000000000ecc      0x2ed ./Drivers/STM32F1xx_HAL_Driver/Src/stm32f1xx_hal_cortex.o
 .debug_abbrev  0x00000000000011b9      0x1fe ./Drivers/STM32F1xx_HAL_Driver/Src/stm32f1xx_hal_dma.o
 .debug_abbrev  0x00000000000013b7      0x1bb ./Drivers/STM32F1xx_HAL_Driver/Src/stm32f1xx_hal_gpio.o
 .debug_abbrev  0x0000000000001572      0x2a8 ./Drivers/STM32F1xx_HAL_Driver/Src/stm32f1xx_hal_rcc.o
 .debug_abbrev  0x000000000000181a      0x26e ./Drivers/STM32F1xx_HAL_Driver/Src/stm32f1xx_hal_spi.o
 .debug_abbrev  0x0000000000001a88      0x25d ./Drivers/STM32F1xx_HAL_Driver/Src/stm32f1xx_hal_tim.o
 .debug_abbrev  0x0000000000001ce5      0x265 ./Drivers/STM32F1xx_HAL_Driver/Src/stm32f1xx_hal_tim_ex.o
 .debug_abbrev  0x0000000000001f4a      0x278 ./Drivers/STM32F1xx_HAL_Driver/Src/stm32f1xx_hal_uart.o

.debug_aranges  0x0000000000000000      0xee8
 .debug_aranges
                0x0000000000000000       0xd0 ./Core/Src/W5500.o
 .debug_aranges
                0x00000000000000d0       0x98 ./Core/Src/main.o
 .debug_aranges
                0x0000000000000168       0x50 ./Core/Src/stm32f1xx_hal_msp.o
 .debug_aranges
                0x00000000000001b8       0x90 ./Core/Src/stm32f1xx_it.o
 .debug_aranges
                0x0000000000000248       0x28 ./Core/Src/system_stm32f1xx.o
 .debug_aranges
                0x0000000000000270       0x28 ./Core/Startup/startup_stm32f103rbtx.o
 .debug_aranges
                0x0000000000000298       0xe0 ./Drivers/STM32F1xx_HAL_Driver/Src/stm32f1xx_hal.o
 .debug_aranges
                0x0000000000000378      0x100 ./Drivers/STM32F1xx_HAL_Driver/Src/stm32f1xx_hal_cortex.o
 .debug_aranges
                0x0000000000000478       0x80 ./Drivers/STM32F1xx_HAL_Driver/Src/stm32f1xx_hal_dma.o
 .debug_aranges
                0x00000000000004f8       0x58 ./Drivers/STM32F1xx_HAL_Driver/Src/stm32f1xx_hal_gpio.o
 .debug_aranges
                0x0000000000000550       0x90 ./Drivers/STM32F1xx_HAL_Driver/Src/stm32f1xx_hal_rcc.o
 .debug_aranges
                0x00000000000005e0      0x1d0 ./Drivers/STM32F1xx_HAL_Driver/Src/stm32f1xx_hal_spi.o
 .debug_aranges
                0x00000000000007b0      0x3d0 ./Drivers/STM32F1xx_HAL_Driver/Src/stm32f1xx_hal_tim.o
 .debug_aranges
                0x0000000000000b80      0x168 ./Drivers/STM32F1xx_HAL_Driver/Src/stm32f1xx_hal_tim_ex.o
 .debug_aranges
                0x0000000000000ce8      0x200 ./Drivers/STM32F1xx_HAL_Driver/Src/stm32f1xx_hal_uart.o

.debug_ranges   0x0000000000000000      0xe30
 .debug_ranges  0x0000000000000000       0xc0 ./Core/Src/W5500.o
 .debug_ranges  0x00000000000000c0       0x88 ./Core/Src/main.o
 .debug_ranges  0x0000000000000148       0x40 ./Core/Src/stm32f1xx_hal_msp.o
 .debug_ranges  0x0000000000000188       0x80 ./Core/Src/stm32f1xx_it.o
 .debug_ranges  0x0000000000000208       0x18 ./Core/Src/system_stm32f1xx.o
 .debug_ranges  0x0000000000000220       0x20 ./Core/Startup/startup_stm32f103rbtx.o
 .debug_ranges  0x0000000000000240       0xd0 ./Drivers/STM32F1xx_HAL_Driver/Src/stm32f1xx_hal.o
 .debug_ranges  0x0000000000000310       0xf0 ./Drivers/STM32F1xx_HAL_Driver/Src/stm32f1xx_hal_cortex.o
 .debug_ranges  0x0000000000000400       0x70 ./Drivers/STM32F1xx_HAL_Driver/Src/stm32f1xx_hal_dma.o
 .debug_ranges  0x0000000000000470       0x48 ./Drivers/STM32F1xx_HAL_Driver/Src/stm32f1xx_hal_gpio.o
 .debug_ranges  0x00000000000004b8       0x80 ./Drivers/STM32F1xx_HAL_Driver/Src/stm32f1xx_hal_rcc.o
 .debug_ranges  0x0000000000000538      0x1c0 ./Drivers/STM32F1xx_HAL_Driver/Src/stm32f1xx_hal_spi.o
 .debug_ranges  0x00000000000006f8      0x3c0 ./Drivers/STM32F1xx_HAL_Driver/Src/stm32f1xx_hal_tim.o
 .debug_ranges  0x0000000000000ab8      0x158 ./Drivers/STM32F1xx_HAL_Driver/Src/stm32f1xx_hal_tim_ex.o
 .debug_ranges  0x0000000000000c10      0x220 ./Drivers/STM32F1xx_HAL_Driver/Src/stm32f1xx_hal_uart.o

.debug_macro    0x0000000000000000    0x19ec2
 .debug_macro   0x0000000000000000      0x1ce ./Core/Src/W5500.o
 .debug_macro   0x00000000000001ce      0xb44 ./Core/Src/W5500.o
 .debug_macro   0x0000000000000d12      0x221 ./Core/Src/W5500.o
 .debug_macro   0x0000000000000f33       0x2e ./Core/Src/W5500.o
 .debug_macro   0x0000000000000f61       0x22 ./Core/Src/W5500.o
 .debug_macro   0x0000000000000f83       0x1c ./Core/Src/W5500.o
 .debug_macro   0x0000000000000f9f       0x22 ./Core/Src/W5500.o
 .debug_macro   0x0000000000000fc1       0x8e ./Core/Src/W5500.o
 .debug_macro   0x000000000000104f       0x51 ./Core/Src/W5500.o
 .debug_macro   0x00000000000010a0      0x103 ./Core/Src/W5500.o
 .debug_macro   0x00000000000011a3       0x6a ./Core/Src/W5500.o
 .debug_macro   0x000000000000120d      0x1df ./Core/Src/W5500.o
 .debug_macro   0x00000000000013ec       0x1c ./Core/Src/W5500.o
 .debug_macro   0x0000000000001408       0x22 ./Core/Src/W5500.o
 .debug_macro   0x000000000000142a       0xbd ./Core/Src/W5500.o
 .debug_macro   0x00000000000014e7      0xd23 ./Core/Src/W5500.o
 .debug_macro   0x000000000000220a     0xe09e ./Core/Src/W5500.o
 .debug_macro   0x00000000000102a8       0x6d ./Core/Src/W5500.o
 .debug_macro   0x0000000000010315     0x3468 ./Core/Src/W5500.o
 .debug_macro   0x000000000001377d      0x17b ./Core/Src/W5500.o
 .debug_macro   0x00000000000138f8       0x5c ./Core/Src/W5500.o
 .debug_macro   0x0000000000013954      0x5be ./Core/Src/W5500.o
 .debug_macro   0x0000000000013f12      0x289 ./Core/Src/W5500.o
 .debug_macro   0x000000000001419b      0x1cb ./Core/Src/W5500.o
 .debug_macro   0x0000000000014366      0x114 ./Core/Src/W5500.o
 .debug_macro   0x000000000001447a      0x1b2 ./Core/Src/W5500.o
 .debug_macro   0x000000000001462c       0x27 ./Core/Src/W5500.o
 .debug_macro   0x0000000000014653      0x136 ./Core/Src/W5500.o
 .debug_macro   0x0000000000014789      0x1bc ./Core/Src/W5500.o
 .debug_macro   0x0000000000014945       0x34 ./Core/Src/W5500.o
 .debug_macro   0x0000000000014979       0x3c ./Core/Src/W5500.o
 .debug_macro   0x00000000000149b5       0x57 ./Core/Src/W5500.o
 .debug_macro   0x0000000000014a0c       0x88 ./Core/Src/W5500.o
 .debug_macro   0x0000000000014a94      0x241 ./Core/Src/W5500.o
 .debug_macro   0x0000000000014cd5      0x141 ./Core/Src/W5500.o
 .debug_macro   0x0000000000014e16      0x217 ./Core/Src/W5500.o
 .debug_macro   0x000000000001502d      0x8d1 ./Core/Src/W5500.o
 .debug_macro   0x00000000000158fe      0x279 ./Core/Src/W5500.o
 .debug_macro   0x0000000000015b77       0x83 ./Core/Src/W5500.o
 .debug_macro   0x0000000000015bfa       0x52 ./Core/Src/W5500.o
 .debug_macro   0x0000000000015c4c      0x39e ./Core/Src/W5500.o
 .debug_macro   0x0000000000015fea      0x2ed ./Core/Src/main.o
 .debug_macro   0x00000000000162d7      0x18a ./Core/Src/main.o
 .debug_macro   0x0000000000016461       0x10 ./Core/Src/main.o
 .debug_macro   0x0000000000016471      0x3d1 ./Core/Src/main.o
 .debug_macro   0x0000000000016842       0x10 ./Core/Src/main.o
 .debug_macro   0x0000000000016852       0x18 ./Core/Src/main.o
 .debug_macro   0x000000000001686a       0x52 ./Core/Src/main.o
 .debug_macro   0x00000000000168bc       0x3c ./Core/Src/main.o
 .debug_macro   0x00000000000168f8       0x34 ./Core/Src/main.o
 .debug_macro   0x000000000001692c       0x16 ./Core/Src/main.o
 .debug_macro   0x0000000000016942       0x35 ./Core/Src/main.o
 .debug_macro   0x0000000000016977       0x16 ./Core/Src/main.o
 .debug_macro   0x000000000001698d       0x43 ./Core/Src/main.o
 .debug_macro   0x00000000000169d0       0x34 ./Core/Src/main.o
 .debug_macro   0x0000000000016a04       0x10 ./Core/Src/main.o
 .debug_macro   0x0000000000016a14       0x58 ./Core/Src/main.o
 .debug_macro   0x0000000000016a6c       0x71 ./Core/Src/main.o
 .debug_macro   0x0000000000016add       0x16 ./Core/Src/main.o
 .debug_macro   0x0000000000016af3      0x12a ./Core/Src/main.o
 .debug_macro   0x0000000000016c1d      0x364 ./Core/Src/main.o
 .debug_macro   0x0000000000016f81       0x16 ./Core/Src/main.o
 .debug_macro   0x0000000000016f97       0x29 ./Core/Src/main.o
 .debug_macro   0x0000000000016fc0       0x1c ./Core/Src/main.o
 .debug_macro   0x0000000000016fdc       0xde ./Core/Src/main.o
 .debug_macro   0x00000000000170ba       0x16 ./Core/Src/main.o
 .debug_macro   0x00000000000170d0      0x1bc ./Core/Src/stm32f1xx_hal_msp.o
 .debug_macro   0x000000000001728c      0xa6c ./Core/Src/stm32f1xx_hal_msp.o
 .debug_macro   0x0000000000017cf8      0xd23 ./Core/Src/stm32f1xx_hal_msp.o
 .debug_macro   0x0000000000018a1b      0x174 ./Core/Src/stm32f1xx_hal_msp.o
 .debug_macro   0x0000000000018b8f      0x1c6 ./Core/Src/stm32f1xx_it.o
 .debug_macro   0x0000000000018d55      0x1ad ./Core/Src/system_stm32f1xx.o
 .debug_macro   0x0000000000018f02      0x1d1 ./Drivers/STM32F1xx_HAL_Driver/Src/stm32f1xx_hal.o
 .debug_macro   0x00000000000190d3      0x1ad ./Drivers/STM32F1xx_HAL_Driver/Src/stm32f1xx_hal_cortex.o
 .debug_macro   0x0000000000019280      0x1ad ./Drivers/STM32F1xx_HAL_Driver/Src/stm32f1xx_hal_dma.o
 .debug_macro   0x000000000001942d      0x218 ./Drivers/STM32F1xx_HAL_Driver/Src/stm32f1xx_hal_gpio.o
 .debug_macro   0x0000000000019645      0x1bf ./Drivers/STM32F1xx_HAL_Driver/Src/stm32f1xx_hal_rcc.o
 .debug_macro   0x0000000000019804      0x1b5 ./Drivers/STM32F1xx_HAL_Driver/Src/stm32f1xx_hal_spi.o
 .debug_macro   0x00000000000199b9      0x1ae ./Drivers/STM32F1xx_HAL_Driver/Src/stm32f1xx_hal_tim.o
 .debug_macro   0x0000000000019b67      0x1ad ./Drivers/STM32F1xx_HAL_Driver/Src/stm32f1xx_hal_tim_ex.o
 .debug_macro   0x0000000000019d14      0x1ae ./Drivers/STM32F1xx_HAL_Driver/Src/stm32f1xx_hal_uart.o

.debug_line     0x0000000000000000     0xee34
 .debug_line    0x0000000000000000      0xc6e ./Core/Src/W5500.o
 .debug_line    0x0000000000000c6e     0x1050 ./Core/Src/main.o
 .debug_line    0x0000000000001cbe      0x7be ./Core/Src/stm32f1xx_hal_msp.o
 .debug_line    0x000000000000247c      0x7e3 ./Core/Src/stm32f1xx_it.o
 .debug_line    0x0000000000002c5f      0x70f ./Core/Src/system_stm32f1xx.o
 .debug_line    0x000000000000336e       0x87 ./Core/Startup/startup_stm32f103rbtx.o
 .debug_line    0x00000000000033f5      0x93c ./Drivers/STM32F1xx_HAL_Driver/Src/stm32f1xx_hal.o
 .debug_line    0x0000000000003d31      0xb24 ./Drivers/STM32F1xx_HAL_Driver/Src/stm32f1xx_hal_cortex.o
 .debug_line    0x0000000000004855      0xd94 ./Drivers/STM32F1xx_HAL_Driver/Src/stm32f1xx_hal_dma.o
 .debug_line    0x00000000000055e9      0x9d3 ./Drivers/STM32F1xx_HAL_Driver/Src/stm32f1xx_hal_gpio.o
 .debug_line    0x0000000000005fbc      0xd4a ./Drivers/STM32F1xx_HAL_Driver/Src/stm32f1xx_hal_rcc.o
 .debug_line    0x0000000000006d06     0x1bc1 ./Drivers/STM32F1xx_HAL_Driver/Src/stm32f1xx_hal_spi.o
 .debug_line    0x00000000000088c7     0x32f2 ./Drivers/STM32F1xx_HAL_Driver/Src/stm32f1xx_hal_tim.o
 .debug_line    0x000000000000bbb9     0x1864 ./Drivers/STM32F1xx_HAL_Driver/Src/stm32f1xx_hal_tim_ex.o
 .debug_line    0x000000000000d41d     0x1a17 ./Drivers/STM32F1xx_HAL_Driver/Src/stm32f1xx_hal_uart.o

.debug_str      0x0000000000000000    0x8e5f1
 .debug_str     0x0000000000000000    0x85e6b ./Core/Src/W5500.o
                                      0x862bf (size before relaxing)
 .debug_str     0x0000000000085e6b     0x5960 ./Core/Src/main.o
                                      0x8be28 (size before relaxing)
 .debug_str     0x000000000008b7cb      0x2ed ./Core/Src/stm32f1xx_hal_msp.o
                                      0x8548b (size before relaxing)
 .debug_str     0x000000000008bab8      0x17f ./Core/Src/stm32f1xx_it.o
                                      0x85186 (size before relaxing)
 .debug_str     0x000000000008bc37       0x7e ./Core/Src/system_stm32f1xx.o
                                      0x8473c (size before relaxing)
 .debug_str     0x000000000008bcb5       0x36 ./Core/Startup/startup_stm32f103rbtx.o
                                         0x94 (size before relaxing)
 .debug_str     0x000000000008bceb      0x316 ./Drivers/STM32F1xx_HAL_Driver/Src/stm32f1xx_hal.o
                                      0x84e6f (size before relaxing)
 .debug_str     0x000000000008c001      0x28b ./Drivers/STM32F1xx_HAL_Driver/Src/stm32f1xx_hal_cortex.o
                                      0x84dbb (size before relaxing)
 .debug_str     0x000000000008c28c      0x230 ./Drivers/STM32F1xx_HAL_Driver/Src/stm32f1xx_hal_dma.o
                                      0x84ae5 (size before relaxing)
 .debug_str     0x000000000008c4bc      0x2a8 ./Drivers/STM32F1xx_HAL_Driver/Src/stm32f1xx_hal_gpio.o
                                      0x84ac2 (size before relaxing)
 .debug_str     0x000000000008c764      0x21e ./Drivers/STM32F1xx_HAL_Driver/Src/stm32f1xx_hal_rcc.o
                                      0x84b6b (size before relaxing)
 .debug_str     0x000000000008c982      0x500 ./Drivers/STM32F1xx_HAL_Driver/Src/stm32f1xx_hal_spi.o
                                      0x85068 (size before relaxing)
 .debug_str     0x000000000008ce82      0xd8b ./Drivers/STM32F1xx_HAL_Driver/Src/stm32f1xx_hal_tim.o
                                      0x85b56 (size before relaxing)
 .debug_str     0x000000000008dc0d      0x493 ./Drivers/STM32F1xx_HAL_Driver/Src/stm32f1xx_hal_tim_ex.o
                                      0x85372 (size before relaxing)
 .debug_str     0x000000000008e0a0      0x551 ./Drivers/STM32F1xx_HAL_Driver/Src/stm32f1xx_hal_uart.o
                                      0x85176 (size before relaxing)

.comment        0x0000000000000000       0x50
 .comment       0x0000000000000000       0x50 ./Core/Src/W5500.o
                                         0x51 (size before relaxing)
 .comment       0x0000000000000050       0x51 ./Core/Src/main.o
 .comment       0x0000000000000050       0x51 ./Core/Src/stm32f1xx_hal_msp.o
 .comment       0x0000000000000050       0x51 ./Core/Src/stm32f1xx_it.o
 .comment       0x0000000000000050       0x51 ./Core/Src/system_stm32f1xx.o
 .comment       0x0000000000000050       0x51 ./Drivers/STM32F1xx_HAL_Driver/Src/stm32f1xx_hal.o
 .comment       0x0000000000000050       0x51 ./Drivers/STM32F1xx_HAL_Driver/Src/stm32f1xx_hal_cortex.o
 .comment       0x0000000000000050       0x51 ./Drivers/STM32F1xx_HAL_Driver/Src/stm32f1xx_hal_dma.o
 .comment       0x0000000000000050       0x51 ./Drivers/STM32F1xx_HAL_Driver/Src/stm32f1xx_hal_gpio.o
 .comment       0x0000000000000050       0x51 ./Drivers/STM32F1xx_HAL_Driver/Src/stm32f1xx_hal_rcc.o
 .comment       0x0000000000000050       0x51 ./Drivers/STM32F1xx_HAL_Driver/Src/stm32f1xx_hal_spi.o
 .comment       0x0000000000000050       0x51 ./Drivers/STM32F1xx_HAL_Driver/Src/stm32f1xx_hal_tim.o
 .comment       0x0000000000000050       0x51 ./Drivers/STM32F1xx_HAL_Driver/Src/stm32f1xx_hal_tim_ex.o
 .comment       0x0000000000000050       0x51 ./Drivers/STM32F1xx_HAL_Driver/Src/stm32f1xx_hal_uart.o

.debug_frame    0x0000000000000000     0x3f90
 .debug_frame   0x0000000000000000      0x368 ./Core/Src/W5500.o
 .debug_frame   0x0000000000000368      0x220 ./Core/Src/main.o
 .debug_frame   0x0000000000000588      0x110 ./Core/Src/stm32f1xx_hal_msp.o
 .debug_frame   0x0000000000000698      0x1ac ./Core/Src/stm32f1xx_it.o
 .debug_frame   0x0000000000000844       0x58 ./Core/Src/system_stm32f1xx.o
 .debug_frame   0x000000000000089c      0x334 ./Drivers/STM32F1xx_HAL_Driver/Src/stm32f1xx_hal.o
 .debug_frame   0x0000000000000bd0      0x428 ./Drivers/STM32F1xx_HAL_Driver/Src/stm32f1xx_hal_cortex.o
 .debug_frame   0x0000000000000ff8      0x208 ./Drivers/STM32F1xx_HAL_Driver/Src/stm32f1xx_hal_dma.o
 .debug_frame   0x0000000000001200      0x14c ./Drivers/STM32F1xx_HAL_Driver/Src/stm32f1xx_hal_gpio.o
 .debug_frame   0x000000000000134c      0x21c ./Drivers/STM32F1xx_HAL_Driver/Src/stm32f1xx_hal_rcc.o
 .debug_frame   0x0000000000001568      0x824 ./Drivers/STM32F1xx_HAL_Driver/Src/stm32f1xx_hal_spi.o
 .debug_frame   0x0000000000001d8c     0x11b8 ./Drivers/STM32F1xx_HAL_Driver/Src/stm32f1xx_hal_tim.o
 .debug_frame   0x0000000000002f44      0x638 ./Drivers/STM32F1xx_HAL_Driver/Src/stm32f1xx_hal_tim_ex.o
 .debug_frame   0x000000000000357c      0x914 ./Drivers/STM32F1xx_HAL_Driver/Src/stm32f1xx_hal_uart.o
 .debug_frame   0x0000000000003e90       0x30 c:/st/stm32cubeide_1.12.1/stm32cubeide/plugins/com.st.stm32cube.ide.mcu.externaltools.gnu-tools-for-stm32.10.3-2021.10.win32_1.0.200.202301161003/tools/bin/../lib/gcc/arm-none-eabi/10.3.1/../../../../arm-none-eabi/lib/thumb/v7-m/nofp\libc_nano.a(lib_a-atoi.o)
 .debug_frame   0x0000000000003ec0       0x20 c:/st/stm32cubeide_1.12.1/stm32cubeide/plugins/com.st.stm32cube.ide.mcu.externaltools.gnu-tools-for-stm32.10.3-2021.10.win32_1.0.200.202301161003/tools/bin/../lib/gcc/arm-none-eabi/10.3.1/../../../../arm-none-eabi/lib/thumb/v7-m/nofp\libc_nano.a(lib_a-errno.o)
 .debug_frame   0x0000000000003ee0       0x2c c:/st/stm32cubeide_1.12.1/stm32cubeide/plugins/com.st.stm32cube.ide.mcu.externaltools.gnu-tools-for-stm32.10.3-2021.10.win32_1.0.200.202301161003/tools/bin/../lib/gcc/arm-none-eabi/10.3.1/../../../../arm-none-eabi/lib/thumb/v7-m/nofp\libc_nano.a(lib_a-init.o)
 .debug_frame   0x0000000000003f0c       0x20 c:/st/stm32cubeide_1.12.1/stm32cubeide/plugins/com.st.stm32cube.ide.mcu.externaltools.gnu-tools-for-stm32.10.3-2021.10.win32_1.0.200.202301161003/tools/bin/../lib/gcc/arm-none-eabi/10.3.1/../../../../arm-none-eabi/lib/thumb/v7-m/nofp\libc_nano.a(lib_a-memset.o)
 .debug_frame   0x0000000000003f2c       0x64 c:/st/stm32cubeide_1.12.1/stm32cubeide/plugins/com.st.stm32cube.ide.mcu.externaltools.gnu-tools-for-stm32.10.3-2021.10.win32_1.0.200.202301161003/tools/bin/../lib/gcc/arm-none-eabi/10.3.1/../../../../arm-none-eabi/lib/thumb/v7-m/nofp\libc_nano.a(lib_a-strtol.o)
